Classic Timing Analyzer report for LCD_Block_Disp
Fri May 12 08:39:57 2017
Quartus II Version 9.1 Build 222 10/21/2009 SJ Full Version


---------------------
; Table of Contents ;
---------------------
  1. Legal Notice
  2. Timing Analyzer Summary
  3. Timing Analyzer Settings
  4. Clock Settings Summary
  5. Parallel Compilation
  6. Clock Setup: 'clk'
  7. tco
  8. Timing Analyzer Messages



----------------
; Legal Notice ;
----------------
Copyright (C) 1991-2009 Altera Corporation
Your use of Altera Corporation's design tools, logic functions 
and other software and tools, and its AMPP partner logic 
functions, and any output files from any of the foregoing 
(including device programming or simulation files), and any 
associated documentation or information are expressly subject 
to the terms and conditions of the Altera Program License 
Subscription Agreement, Altera MegaCore Function License 
Agreement, or other applicable license agreement, including, 
without limitation, that your use is for the sole purpose of 
programming logic devices manufactured by Altera and sold by 
Altera or its authorized distributors.  Please refer to the 
applicable agreement for further details.



+---------------------------------------------------------------------------------------------------------------------------------------------------------+
; Timing Analyzer Summary                                                                                                                                 ;
+------------------------------+-------+---------------+----------------------------------+---------+--------------+------------+----------+--------------+
; Type                         ; Slack ; Required Time ; Actual Time                      ; From    ; To           ; From Clock ; To Clock ; Failed Paths ;
+------------------------------+-------+---------------+----------------------------------+---------+--------------+------------+----------+--------------+
; Worst-case tco               ; N/A   ; None          ; 13.500 ns                        ; flag    ; en           ; clk        ; --       ; 0            ;
; Clock Setup: 'clk'           ; N/A   ; None          ; 201.94 MHz ( period = 4.952 ns ) ; addr[3] ; data[2]~reg0 ; clk        ; clk      ; 0            ;
; Total number of failed paths ;       ;               ;                                  ;         ;              ;            ;          ; 0            ;
+------------------------------+-------+---------------+----------------------------------+---------+--------------+------------+----------+--------------+


+-----------------------------------------------------------------------------------------------------------------------------------------------------+
; Timing Analyzer Settings                                                                                                                            ;
+------------------------------------------------------------------------------------------------------+--------------------+------+----+-------------+
; Option                                                                                               ; Setting            ; From ; To ; Entity Name ;
+------------------------------------------------------------------------------------------------------+--------------------+------+----+-------------+
; Device Name                                                                                          ; EP1C6Q240C8        ;      ;    ;             ;
; Timing Models                                                                                        ; Final              ;      ;    ;             ;
; Default hold multicycle                                                                              ; Same as Multicycle ;      ;    ;             ;
; Cut paths between unrelated clock domains                                                            ; On                 ;      ;    ;             ;
; Cut off read during write signal paths                                                               ; On                 ;      ;    ;             ;
; Cut off feedback from I/O pins                                                                       ; On                 ;      ;    ;             ;
; Report Combined Fast/Slow Timing                                                                     ; Off                ;      ;    ;             ;
; Ignore Clock Settings                                                                                ; Off                ;      ;    ;             ;
; Analyze latches as synchronous elements                                                              ; On                 ;      ;    ;             ;
; Enable Recovery/Removal analysis                                                                     ; Off                ;      ;    ;             ;
; Enable Clock Latency                                                                                 ; Off                ;      ;    ;             ;
; Use TimeQuest Timing Analyzer                                                                        ; Off                ;      ;    ;             ;
; Number of source nodes to report per destination node                                                ; 10                 ;      ;    ;             ;
; Number of destination nodes to report                                                                ; 10                 ;      ;    ;             ;
; Number of paths to report                                                                            ; 200                ;      ;    ;             ;
; Report Minimum Timing Checks                                                                         ; Off                ;      ;    ;             ;
; Use Fast Timing Models                                                                               ; Off                ;      ;    ;             ;
; Report IO Paths Separately                                                                           ; Off                ;      ;    ;             ;
; Perform Multicorner Analysis                                                                         ; Off                ;      ;    ;             ;
; Reports the worst-case path for each clock domain and analysis                                       ; Off                ;      ;    ;             ;
; Reports worst-case timing paths for each clock domain and analysis                                   ; On                 ;      ;    ;             ;
; Specifies the maximum number of worst-case timing paths to report for each clock domain and analysis ; 100                ;      ;    ;             ;
; Removes common clock path pessimism (CCPP) during slack computation                                  ; Off                ;      ;    ;             ;
; Output I/O Timing Endpoint                                                                           ; Near End           ;      ;    ;             ;
+------------------------------------------------------------------------------------------------------+--------------------+------+----+-------------+


+------------------------------------------------------------------------------------------------------------------------------------------------------------------------------------+
; Clock Settings Summary                                                                                                                                                             ;
+-----------------+--------------------+----------+------------------+---------------+--------------+----------+-----------------------+---------------------+--------+--------------+
; Clock Node Name ; Clock Setting Name ; Type     ; Fmax Requirement ; Early Latency ; Late Latency ; Based on ; Multiply Base Fmax by ; Divide Base Fmax by ; Offset ; Phase offset ;
+-----------------+--------------------+----------+------------------+---------------+--------------+----------+-----------------------+---------------------+--------+--------------+
; clk             ;                    ; User Pin ; None             ; 0.000 ns      ; 0.000 ns     ; --       ; N/A                   ; N/A                 ; N/A    ;              ;
+-----------------+--------------------+----------+------------------+---------------+--------------+----------+-----------------------+---------------------+--------+--------------+


+------------------------------------------+
; Parallel Compilation                     ;
+----------------------------+-------------+
; Processors                 ; Number      ;
+----------------------------+-------------+
; Number detected on machine ; 2           ;
; Maximum allowed            ; 2           ;
;                            ;             ;
; Average used               ; 1.00        ;
; Maximum used               ; 1           ;
;                            ;             ;
; Usage by Processor         ; % Time Used ;
;     1 processor            ; 100.0%      ;
;     2 processors           ;   0.0%      ;
+----------------------------+-------------+


+---------------------------------------------------------------------------------------------------------------------------------------------------------------------------------------------------------------------------------------------+
; Clock Setup: 'clk'                                                                                                                                                                                                                          ;
+-----------------------------------------+-----------------------------------------------------+----------------+----------------+------------+----------+-----------------------------+---------------------------+-------------------------+
; Slack                                   ; Actual fmax (period)                                ; From           ; To             ; From Clock ; To Clock ; Required Setup Relationship ; Required Longest P2P Time ; Actual Longest P2P Time ;
+-----------------------------------------+-----------------------------------------------------+----------------+----------------+------------+----------+-----------------------------+---------------------------+-------------------------+
; N/A                                     ; 201.94 MHz ( period = 4.952 ns )                    ; addr[3]        ; data[2]~reg0   ; clk        ; clk      ; None                        ; None                      ; 4.691 ns                ;
; N/A                                     ; 205.13 MHz ( period = 4.875 ns )                    ; addr[3]        ; data[0]~reg0   ; clk        ; clk      ; None                        ; None                      ; 4.614 ns                ;
; N/A                                     ; 205.13 MHz ( period = 4.875 ns )                    ; addr[3]        ; data[0]~en     ; clk        ; clk      ; None                        ; None                      ; 4.614 ns                ;
; N/A                                     ; 205.13 MHz ( period = 4.875 ns )                    ; addr[3]        ; data[1]~reg0   ; clk        ; clk      ; None                        ; None                      ; 4.614 ns                ;
; N/A                                     ; 205.13 MHz ( period = 4.875 ns )                    ; addr[3]        ; data[4]~reg0   ; clk        ; clk      ; None                        ; None                      ; 4.614 ns                ;
; N/A                                     ; 205.13 MHz ( period = 4.875 ns )                    ; addr[3]        ; data[5]~reg0   ; clk        ; clk      ; None                        ; None                      ; 4.614 ns                ;
; N/A                                     ; 205.63 MHz ( period = 4.863 ns )                    ; addr[3]        ; data[1]~en     ; clk        ; clk      ; None                        ; None                      ; 4.602 ns                ;
; N/A                                     ; 205.63 MHz ( period = 4.863 ns )                    ; addr[3]        ; data[2]~en     ; clk        ; clk      ; None                        ; None                      ; 4.602 ns                ;
; N/A                                     ; 205.63 MHz ( period = 4.863 ns )                    ; addr[3]        ; data[3]~en     ; clk        ; clk      ; None                        ; None                      ; 4.602 ns                ;
; N/A                                     ; 205.63 MHz ( period = 4.863 ns )                    ; addr[3]        ; data[4]~en     ; clk        ; clk      ; None                        ; None                      ; 4.602 ns                ;
; N/A                                     ; 205.63 MHz ( period = 4.863 ns )                    ; addr[3]        ; data[5]~en     ; clk        ; clk      ; None                        ; None                      ; 4.602 ns                ;
; N/A                                     ; 205.63 MHz ( period = 4.863 ns )                    ; addr[3]        ; data[6]~en     ; clk        ; clk      ; None                        ; None                      ; 4.602 ns                ;
; N/A                                     ; 209.25 MHz ( period = 4.779 ns )                    ; addr[0]        ; data[2]~reg0   ; clk        ; clk      ; None                        ; None                      ; 4.518 ns                ;
; N/A                                     ; 211.28 MHz ( period = 4.733 ns )                    ; state.DISPLAY0 ; data[0]~reg0   ; clk        ; clk      ; None                        ; None                      ; 4.472 ns                ;
; N/A                                     ; 212.68 MHz ( period = 4.702 ns )                    ; addr[0]        ; data[0]~reg0   ; clk        ; clk      ; None                        ; None                      ; 4.441 ns                ;
; N/A                                     ; 212.68 MHz ( period = 4.702 ns )                    ; addr[0]        ; data[0]~en     ; clk        ; clk      ; None                        ; None                      ; 4.441 ns                ;
; N/A                                     ; 212.68 MHz ( period = 4.702 ns )                    ; addr[0]        ; data[1]~reg0   ; clk        ; clk      ; None                        ; None                      ; 4.441 ns                ;
; N/A                                     ; 212.68 MHz ( period = 4.702 ns )                    ; addr[0]        ; data[4]~reg0   ; clk        ; clk      ; None                        ; None                      ; 4.441 ns                ;
; N/A                                     ; 212.68 MHz ( period = 4.702 ns )                    ; addr[0]        ; data[5]~reg0   ; clk        ; clk      ; None                        ; None                      ; 4.441 ns                ;
; N/A                                     ; 213.22 MHz ( period = 4.690 ns )                    ; addr[0]        ; data[1]~en     ; clk        ; clk      ; None                        ; None                      ; 4.429 ns                ;
; N/A                                     ; 213.22 MHz ( period = 4.690 ns )                    ; addr[0]        ; data[2]~en     ; clk        ; clk      ; None                        ; None                      ; 4.429 ns                ;
; N/A                                     ; 213.22 MHz ( period = 4.690 ns )                    ; addr[0]        ; data[3]~en     ; clk        ; clk      ; None                        ; None                      ; 4.429 ns                ;
; N/A                                     ; 213.22 MHz ( period = 4.690 ns )                    ; addr[0]        ; data[4]~en     ; clk        ; clk      ; None                        ; None                      ; 4.429 ns                ;
; N/A                                     ; 213.22 MHz ( period = 4.690 ns )                    ; addr[0]        ; data[5]~en     ; clk        ; clk      ; None                        ; None                      ; 4.429 ns                ;
; N/A                                     ; 213.22 MHz ( period = 4.690 ns )                    ; addr[0]        ; data[6]~en     ; clk        ; clk      ; None                        ; None                      ; 4.429 ns                ;
; N/A                                     ; 213.63 MHz ( period = 4.681 ns )                    ; addr[2]        ; data[2]~reg0   ; clk        ; clk      ; None                        ; None                      ; 4.420 ns                ;
; N/A                                     ; 213.81 MHz ( period = 4.677 ns )                    ; state.WRITERAM ; data[0]~reg0   ; clk        ; clk      ; None                        ; None                      ; 4.416 ns                ;
; N/A                                     ; 213.81 MHz ( period = 4.677 ns )                    ; state.WRITERAM ; data[0]~en     ; clk        ; clk      ; None                        ; None                      ; 4.416 ns                ;
; N/A                                     ; 213.81 MHz ( period = 4.677 ns )                    ; state.WRITERAM ; data[1]~reg0   ; clk        ; clk      ; None                        ; None                      ; 4.416 ns                ;
; N/A                                     ; 213.81 MHz ( period = 4.677 ns )                    ; state.WRITERAM ; data[2]~reg0   ; clk        ; clk      ; None                        ; None                      ; 4.416 ns                ;
; N/A                                     ; 213.81 MHz ( period = 4.677 ns )                    ; state.WRITERAM ; data[4]~reg0   ; clk        ; clk      ; None                        ; None                      ; 4.416 ns                ;
; N/A                                     ; 213.81 MHz ( period = 4.677 ns )                    ; state.WRITERAM ; data[5]~reg0   ; clk        ; clk      ; None                        ; None                      ; 4.416 ns                ;
; N/A                                     ; 214.36 MHz ( period = 4.665 ns )                    ; state.WRITERAM ; data[1]~en     ; clk        ; clk      ; None                        ; None                      ; 4.404 ns                ;
; N/A                                     ; 214.36 MHz ( period = 4.665 ns )                    ; state.WRITERAM ; data[2]~en     ; clk        ; clk      ; None                        ; None                      ; 4.404 ns                ;
; N/A                                     ; 214.36 MHz ( period = 4.665 ns )                    ; state.WRITERAM ; data[3]~en     ; clk        ; clk      ; None                        ; None                      ; 4.404 ns                ;
; N/A                                     ; 214.36 MHz ( period = 4.665 ns )                    ; state.WRITERAM ; data[4]~en     ; clk        ; clk      ; None                        ; None                      ; 4.404 ns                ;
; N/A                                     ; 214.36 MHz ( period = 4.665 ns )                    ; state.WRITERAM ; data[5]~en     ; clk        ; clk      ; None                        ; None                      ; 4.404 ns                ;
; N/A                                     ; 214.36 MHz ( period = 4.665 ns )                    ; state.WRITERAM ; data[6]~en     ; clk        ; clk      ; None                        ; None                      ; 4.404 ns                ;
; N/A                                     ; 217.20 MHz ( period = 4.604 ns )                    ; addr[2]        ; data[0]~reg0   ; clk        ; clk      ; None                        ; None                      ; 4.343 ns                ;
; N/A                                     ; 217.20 MHz ( period = 4.604 ns )                    ; addr[2]        ; data[0]~en     ; clk        ; clk      ; None                        ; None                      ; 4.343 ns                ;
; N/A                                     ; 217.20 MHz ( period = 4.604 ns )                    ; addr[2]        ; data[1]~reg0   ; clk        ; clk      ; None                        ; None                      ; 4.343 ns                ;
; N/A                                     ; 217.20 MHz ( period = 4.604 ns )                    ; addr[2]        ; data[4]~reg0   ; clk        ; clk      ; None                        ; None                      ; 4.343 ns                ;
; N/A                                     ; 217.20 MHz ( period = 4.604 ns )                    ; addr[2]        ; data[5]~reg0   ; clk        ; clk      ; None                        ; None                      ; 4.343 ns                ;
; N/A                                     ; 217.77 MHz ( period = 4.592 ns )                    ; addr[2]        ; data[1]~en     ; clk        ; clk      ; None                        ; None                      ; 4.331 ns                ;
; N/A                                     ; 217.77 MHz ( period = 4.592 ns )                    ; addr[2]        ; data[2]~en     ; clk        ; clk      ; None                        ; None                      ; 4.331 ns                ;
; N/A                                     ; 217.77 MHz ( period = 4.592 ns )                    ; addr[2]        ; data[3]~en     ; clk        ; clk      ; None                        ; None                      ; 4.331 ns                ;
; N/A                                     ; 217.77 MHz ( period = 4.592 ns )                    ; addr[2]        ; data[4]~en     ; clk        ; clk      ; None                        ; None                      ; 4.331 ns                ;
; N/A                                     ; 217.77 MHz ( period = 4.592 ns )                    ; addr[2]        ; data[5]~en     ; clk        ; clk      ; None                        ; None                      ; 4.331 ns                ;
; N/A                                     ; 217.77 MHz ( period = 4.592 ns )                    ; addr[2]        ; data[6]~en     ; clk        ; clk      ; None                        ; None                      ; 4.331 ns                ;
; N/A                                     ; 224.01 MHz ( period = 4.464 ns )                    ; addr[1]        ; data[2]~reg0   ; clk        ; clk      ; None                        ; None                      ; 4.203 ns                ;
; N/A                                     ; 224.27 MHz ( period = 4.459 ns )                    ; addr[8]        ; state.DISPLAY0 ; clk        ; clk      ; None                        ; None                      ; 4.198 ns                ;
; N/A                                     ; 224.32 MHz ( period = 4.458 ns )                    ; addr[8]        ; state.STOP     ; clk        ; clk      ; None                        ; None                      ; 4.197 ns                ;
; N/A                                     ; 227.95 MHz ( period = 4.387 ns )                    ; addr[1]        ; data[0]~reg0   ; clk        ; clk      ; None                        ; None                      ; 4.126 ns                ;
; N/A                                     ; 227.95 MHz ( period = 4.387 ns )                    ; addr[1]        ; data[0]~en     ; clk        ; clk      ; None                        ; None                      ; 4.126 ns                ;
; N/A                                     ; 227.95 MHz ( period = 4.387 ns )                    ; addr[1]        ; data[1]~reg0   ; clk        ; clk      ; None                        ; None                      ; 4.126 ns                ;
; N/A                                     ; 227.95 MHz ( period = 4.387 ns )                    ; addr[1]        ; data[4]~reg0   ; clk        ; clk      ; None                        ; None                      ; 4.126 ns                ;
; N/A                                     ; 227.95 MHz ( period = 4.387 ns )                    ; addr[1]        ; data[5]~reg0   ; clk        ; clk      ; None                        ; None                      ; 4.126 ns                ;
; N/A                                     ; 228.57 MHz ( period = 4.375 ns )                    ; addr[1]        ; data[1]~en     ; clk        ; clk      ; None                        ; None                      ; 4.114 ns                ;
; N/A                                     ; 228.57 MHz ( period = 4.375 ns )                    ; addr[1]        ; data[2]~en     ; clk        ; clk      ; None                        ; None                      ; 4.114 ns                ;
; N/A                                     ; 228.57 MHz ( period = 4.375 ns )                    ; addr[1]        ; data[3]~en     ; clk        ; clk      ; None                        ; None                      ; 4.114 ns                ;
; N/A                                     ; 228.57 MHz ( period = 4.375 ns )                    ; addr[1]        ; data[4]~en     ; clk        ; clk      ; None                        ; None                      ; 4.114 ns                ;
; N/A                                     ; 228.57 MHz ( period = 4.375 ns )                    ; addr[1]        ; data[5]~en     ; clk        ; clk      ; None                        ; None                      ; 4.114 ns                ;
; N/A                                     ; 228.57 MHz ( period = 4.375 ns )                    ; addr[1]        ; data[6]~en     ; clk        ; clk      ; None                        ; None                      ; 4.114 ns                ;
; N/A                                     ; 231.37 MHz ( period = 4.322 ns )                    ; addr[9]        ; data[0]~reg0   ; clk        ; clk      ; None                        ; None                      ; 4.061 ns                ;
; N/A                                     ; 231.37 MHz ( period = 4.322 ns )                    ; addr[9]        ; data[0]~en     ; clk        ; clk      ; None                        ; None                      ; 4.061 ns                ;
; N/A                                     ; 231.37 MHz ( period = 4.322 ns )                    ; addr[9]        ; data[1]~reg0   ; clk        ; clk      ; None                        ; None                      ; 4.061 ns                ;
; N/A                                     ; 231.37 MHz ( period = 4.322 ns )                    ; addr[9]        ; data[2]~reg0   ; clk        ; clk      ; None                        ; None                      ; 4.061 ns                ;
; N/A                                     ; 231.37 MHz ( period = 4.322 ns )                    ; addr[9]        ; data[4]~reg0   ; clk        ; clk      ; None                        ; None                      ; 4.061 ns                ;
; N/A                                     ; 231.37 MHz ( period = 4.322 ns )                    ; addr[9]        ; data[5]~reg0   ; clk        ; clk      ; None                        ; None                      ; 4.061 ns                ;
; N/A                                     ; 232.02 MHz ( period = 4.310 ns )                    ; addr[9]        ; data[1]~en     ; clk        ; clk      ; None                        ; None                      ; 4.049 ns                ;
; N/A                                     ; 232.02 MHz ( period = 4.310 ns )                    ; addr[9]        ; data[2]~en     ; clk        ; clk      ; None                        ; None                      ; 4.049 ns                ;
; N/A                                     ; 232.02 MHz ( period = 4.310 ns )                    ; addr[9]        ; data[3]~en     ; clk        ; clk      ; None                        ; None                      ; 4.049 ns                ;
; N/A                                     ; 232.02 MHz ( period = 4.310 ns )                    ; addr[9]        ; data[4]~en     ; clk        ; clk      ; None                        ; None                      ; 4.049 ns                ;
; N/A                                     ; 232.02 MHz ( period = 4.310 ns )                    ; addr[9]        ; data[5]~en     ; clk        ; clk      ; None                        ; None                      ; 4.049 ns                ;
; N/A                                     ; 232.02 MHz ( period = 4.310 ns )                    ; addr[9]        ; data[6]~en     ; clk        ; clk      ; None                        ; None                      ; 4.049 ns                ;
; N/A                                     ; 235.07 MHz ( period = 4.254 ns )                    ; addr[7]        ; state.DISPLAY0 ; clk        ; clk      ; None                        ; None                      ; 3.993 ns                ;
; N/A                                     ; 235.13 MHz ( period = 4.253 ns )                    ; addr[7]        ; state.STOP     ; clk        ; clk      ; None                        ; None                      ; 3.992 ns                ;
; N/A                                     ; 237.19 MHz ( period = 4.216 ns )                    ; addr[5]        ; state.DISPLAY0 ; clk        ; clk      ; None                        ; None                      ; 3.955 ns                ;
; N/A                                     ; 237.25 MHz ( period = 4.215 ns )                    ; addr[5]        ; state.STOP     ; clk        ; clk      ; None                        ; None                      ; 3.954 ns                ;
; N/A                                     ; 238.38 MHz ( period = 4.195 ns )                    ; addr[7]        ; data[0]~reg0   ; clk        ; clk      ; None                        ; None                      ; 3.934 ns                ;
; N/A                                     ; 238.38 MHz ( period = 4.195 ns )                    ; addr[7]        ; data[0]~en     ; clk        ; clk      ; None                        ; None                      ; 3.934 ns                ;
; N/A                                     ; 238.38 MHz ( period = 4.195 ns )                    ; addr[7]        ; data[1]~reg0   ; clk        ; clk      ; None                        ; None                      ; 3.934 ns                ;
; N/A                                     ; 238.38 MHz ( period = 4.195 ns )                    ; addr[7]        ; data[2]~reg0   ; clk        ; clk      ; None                        ; None                      ; 3.934 ns                ;
; N/A                                     ; 238.38 MHz ( period = 4.195 ns )                    ; addr[7]        ; data[4]~reg0   ; clk        ; clk      ; None                        ; None                      ; 3.934 ns                ;
; N/A                                     ; 238.38 MHz ( period = 4.195 ns )                    ; addr[7]        ; data[5]~reg0   ; clk        ; clk      ; None                        ; None                      ; 3.934 ns                ;
; N/A                                     ; 239.06 MHz ( period = 4.183 ns )                    ; addr[7]        ; data[1]~en     ; clk        ; clk      ; None                        ; None                      ; 3.922 ns                ;
; N/A                                     ; 239.06 MHz ( period = 4.183 ns )                    ; addr[7]        ; data[2]~en     ; clk        ; clk      ; None                        ; None                      ; 3.922 ns                ;
; N/A                                     ; 239.06 MHz ( period = 4.183 ns )                    ; addr[7]        ; data[3]~en     ; clk        ; clk      ; None                        ; None                      ; 3.922 ns                ;
; N/A                                     ; 239.06 MHz ( period = 4.183 ns )                    ; addr[7]        ; data[4]~en     ; clk        ; clk      ; None                        ; None                      ; 3.922 ns                ;
; N/A                                     ; 239.06 MHz ( period = 4.183 ns )                    ; addr[7]        ; data[5]~en     ; clk        ; clk      ; None                        ; None                      ; 3.922 ns                ;
; N/A                                     ; 239.06 MHz ( period = 4.183 ns )                    ; addr[7]        ; data[6]~en     ; clk        ; clk      ; None                        ; None                      ; 3.922 ns                ;
; N/A                                     ; 245.22 MHz ( period = 4.078 ns )                    ; addr[8]        ; addr[8]        ; clk        ; clk      ; None                        ; None                      ; 3.817 ns                ;
; N/A                                     ; 245.82 MHz ( period = 4.068 ns )                    ; addr[3]        ; data[3]~reg0   ; clk        ; clk      ; None                        ; None                      ; 3.807 ns                ;
; N/A                                     ; 245.82 MHz ( period = 4.068 ns )                    ; addr[3]        ; data[7]~reg0   ; clk        ; clk      ; None                        ; None                      ; 3.807 ns                ;
; N/A                                     ; 245.82 MHz ( period = 4.068 ns )                    ; addr[3]        ; data[7]~en     ; clk        ; clk      ; None                        ; None                      ; 3.807 ns                ;
; N/A                                     ; 245.82 MHz ( period = 4.068 ns )                    ; addr[3]        ; data[6]~reg0   ; clk        ; clk      ; None                        ; None                      ; 3.807 ns                ;
; N/A                                     ; 246.55 MHz ( period = 4.056 ns )                    ; LCD_count[6]   ; LCD_count[7]   ; clk        ; clk      ; None                        ; None                      ; 3.795 ns                ;
; N/A                                     ; 246.73 MHz ( period = 4.053 ns )                    ; addr[8]        ; data[0]~reg0   ; clk        ; clk      ; None                        ; None                      ; 3.792 ns                ;
; N/A                                     ; 246.73 MHz ( period = 4.053 ns )                    ; addr[8]        ; data[0]~en     ; clk        ; clk      ; None                        ; None                      ; 3.792 ns                ;
; N/A                                     ; 246.73 MHz ( period = 4.053 ns )                    ; addr[8]        ; data[1]~reg0   ; clk        ; clk      ; None                        ; None                      ; 3.792 ns                ;
; N/A                                     ; 246.73 MHz ( period = 4.053 ns )                    ; addr[8]        ; data[2]~reg0   ; clk        ; clk      ; None                        ; None                      ; 3.792 ns                ;
; N/A                                     ; 246.73 MHz ( period = 4.053 ns )                    ; addr[8]        ; data[4]~reg0   ; clk        ; clk      ; None                        ; None                      ; 3.792 ns                ;
; N/A                                     ; 246.73 MHz ( period = 4.053 ns )                    ; addr[8]        ; data[5]~reg0   ; clk        ; clk      ; None                        ; None                      ; 3.792 ns                ;
; N/A                                     ; 247.46 MHz ( period = 4.041 ns )                    ; addr[8]        ; data[1]~en     ; clk        ; clk      ; None                        ; None                      ; 3.780 ns                ;
; N/A                                     ; 247.46 MHz ( period = 4.041 ns )                    ; addr[8]        ; data[2]~en     ; clk        ; clk      ; None                        ; None                      ; 3.780 ns                ;
; N/A                                     ; 247.46 MHz ( period = 4.041 ns )                    ; addr[8]        ; data[3]~en     ; clk        ; clk      ; None                        ; None                      ; 3.780 ns                ;
; N/A                                     ; 247.46 MHz ( period = 4.041 ns )                    ; addr[8]        ; data[4]~en     ; clk        ; clk      ; None                        ; None                      ; 3.780 ns                ;
; N/A                                     ; 247.46 MHz ( period = 4.041 ns )                    ; addr[8]        ; data[5]~en     ; clk        ; clk      ; None                        ; None                      ; 3.780 ns                ;
; N/A                                     ; 247.46 MHz ( period = 4.041 ns )                    ; addr[8]        ; data[6]~en     ; clk        ; clk      ; None                        ; None                      ; 3.780 ns                ;
; N/A                                     ; 247.65 MHz ( period = 4.038 ns )                    ; state.STOP     ; data[0]~reg0   ; clk        ; clk      ; None                        ; None                      ; 3.777 ns                ;
; N/A                                     ; 247.65 MHz ( period = 4.038 ns )                    ; state.STOP     ; data[0]~en     ; clk        ; clk      ; None                        ; None                      ; 3.777 ns                ;
; N/A                                     ; 247.65 MHz ( period = 4.038 ns )                    ; state.STOP     ; data[1]~reg0   ; clk        ; clk      ; None                        ; None                      ; 3.777 ns                ;
; N/A                                     ; 247.65 MHz ( period = 4.038 ns )                    ; state.STOP     ; data[2]~reg0   ; clk        ; clk      ; None                        ; None                      ; 3.777 ns                ;
; N/A                                     ; 247.65 MHz ( period = 4.038 ns )                    ; state.STOP     ; data[4]~reg0   ; clk        ; clk      ; None                        ; None                      ; 3.777 ns                ;
; N/A                                     ; 247.65 MHz ( period = 4.038 ns )                    ; state.STOP     ; data[5]~reg0   ; clk        ; clk      ; None                        ; None                      ; 3.777 ns                ;
; N/A                                     ; 248.39 MHz ( period = 4.026 ns )                    ; state.STOP     ; data[1]~en     ; clk        ; clk      ; None                        ; None                      ; 3.765 ns                ;
; N/A                                     ; 248.39 MHz ( period = 4.026 ns )                    ; state.STOP     ; data[2]~en     ; clk        ; clk      ; None                        ; None                      ; 3.765 ns                ;
; N/A                                     ; 248.39 MHz ( period = 4.026 ns )                    ; state.STOP     ; data[3]~en     ; clk        ; clk      ; None                        ; None                      ; 3.765 ns                ;
; N/A                                     ; 248.39 MHz ( period = 4.026 ns )                    ; state.STOP     ; data[4]~en     ; clk        ; clk      ; None                        ; None                      ; 3.765 ns                ;
; N/A                                     ; 248.39 MHz ( period = 4.026 ns )                    ; state.STOP     ; data[5]~en     ; clk        ; clk      ; None                        ; None                      ; 3.765 ns                ;
; N/A                                     ; 248.39 MHz ( period = 4.026 ns )                    ; state.STOP     ; data[6]~en     ; clk        ; clk      ; None                        ; None                      ; 3.765 ns                ;
; N/A                                     ; 249.13 MHz ( period = 4.014 ns )                    ; addr[7]        ; addr[7]        ; clk        ; clk      ; None                        ; None                      ; 3.753 ns                ;
; N/A                                     ; 249.50 MHz ( period = 4.008 ns )                    ; state.IDLE     ; addr[1]        ; clk        ; clk      ; None                        ; None                      ; 3.747 ns                ;
; N/A                                     ; 249.69 MHz ( period = 4.005 ns )                    ; state.IDLE     ; addr[8]        ; clk        ; clk      ; None                        ; None                      ; 3.744 ns                ;
; N/A                                     ; 251.45 MHz ( period = 3.977 ns )                    ; state.DISPLAY1 ; data[1]~reg0   ; clk        ; clk      ; None                        ; None                      ; 3.716 ns                ;
; N/A                                     ; 252.59 MHz ( period = 3.959 ns )                    ; addr[4]        ; state.DISPLAY0 ; clk        ; clk      ; None                        ; None                      ; 3.698 ns                ;
; N/A                                     ; 252.65 MHz ( period = 3.958 ns )                    ; addr[4]        ; state.STOP     ; clk        ; clk      ; None                        ; None                      ; 3.697 ns                ;
; N/A                                     ; 253.10 MHz ( period = 3.951 ns )                    ; LCD_count[3]   ; LCD_count[6]   ; clk        ; clk      ; None                        ; None                      ; 3.690 ns                ;
; N/A                                     ; 253.36 MHz ( period = 3.947 ns )                    ; LCD_count[3]   ; LCD_count[7]   ; clk        ; clk      ; None                        ; None                      ; 3.686 ns                ;
; N/A                                     ; 254.84 MHz ( period = 3.924 ns )                    ; addr[6]        ; state.DISPLAY0 ; clk        ; clk      ; None                        ; None                      ; 3.663 ns                ;
; N/A                                     ; 254.91 MHz ( period = 3.923 ns )                    ; addr[6]        ; state.STOP     ; clk        ; clk      ; None                        ; None                      ; 3.662 ns                ;
; N/A                                     ; 254.97 MHz ( period = 3.922 ns )                    ; LCD_count[0]   ; LCD_count[6]   ; clk        ; clk      ; None                        ; None                      ; 3.661 ns                ;
; N/A                                     ; 255.23 MHz ( period = 3.918 ns )                    ; LCD_count[0]   ; LCD_count[7]   ; clk        ; clk      ; None                        ; None                      ; 3.657 ns                ;
; N/A                                     ; 256.15 MHz ( period = 3.904 ns )                    ; LCD_count[1]   ; LCD_count[6]   ; clk        ; clk      ; None                        ; None                      ; 3.643 ns                ;
; N/A                                     ; 256.41 MHz ( period = 3.900 ns )                    ; LCD_count[1]   ; LCD_count[7]   ; clk        ; clk      ; None                        ; None                      ; 3.639 ns                ;
; N/A                                     ; 256.74 MHz ( period = 3.895 ns )                    ; addr[0]        ; data[3]~reg0   ; clk        ; clk      ; None                        ; None                      ; 3.634 ns                ;
; N/A                                     ; 256.74 MHz ( period = 3.895 ns )                    ; addr[0]        ; data[7]~reg0   ; clk        ; clk      ; None                        ; None                      ; 3.634 ns                ;
; N/A                                     ; 256.74 MHz ( period = 3.895 ns )                    ; addr[0]        ; data[7]~en     ; clk        ; clk      ; None                        ; None                      ; 3.634 ns                ;
; N/A                                     ; 256.74 MHz ( period = 3.895 ns )                    ; addr[0]        ; data[6]~reg0   ; clk        ; clk      ; None                        ; None                      ; 3.634 ns                ;
; N/A                                     ; 257.33 MHz ( period = 3.886 ns )                    ; addr[9]        ; state.DISPLAY0 ; clk        ; clk      ; None                        ; None                      ; 3.625 ns                ;
; N/A                                     ; 257.40 MHz ( period = 3.885 ns )                    ; LCD_count[4]   ; LCD_count[6]   ; clk        ; clk      ; None                        ; None                      ; 3.624 ns                ;
; N/A                                     ; 257.40 MHz ( period = 3.885 ns )                    ; addr[9]        ; state.STOP     ; clk        ; clk      ; None                        ; None                      ; 3.624 ns                ;
; N/A                                     ; 257.53 MHz ( period = 3.883 ns )                    ; LCD_count[5]   ; LCD_count[6]   ; clk        ; clk      ; None                        ; None                      ; 3.622 ns                ;
; N/A                                     ; 257.67 MHz ( period = 3.881 ns )                    ; LCD_count[4]   ; LCD_count[7]   ; clk        ; clk      ; None                        ; None                      ; 3.620 ns                ;
; N/A                                     ; 257.80 MHz ( period = 3.879 ns )                    ; LCD_count[5]   ; LCD_count[7]   ; clk        ; clk      ; None                        ; None                      ; 3.618 ns                ;
; N/A                                     ; 258.40 MHz ( period = 3.870 ns )                    ; state.WRITERAM ; data[3]~reg0   ; clk        ; clk      ; None                        ; None                      ; 3.609 ns                ;
; N/A                                     ; 258.40 MHz ( period = 3.870 ns )                    ; state.WRITERAM ; data[7]~reg0   ; clk        ; clk      ; None                        ; None                      ; 3.609 ns                ;
; N/A                                     ; 258.40 MHz ( period = 3.870 ns )                    ; state.WRITERAM ; data[7]~en     ; clk        ; clk      ; None                        ; None                      ; 3.609 ns                ;
; N/A                                     ; 258.40 MHz ( period = 3.870 ns )                    ; state.WRITERAM ; data[6]~reg0   ; clk        ; clk      ; None                        ; None                      ; 3.609 ns                ;
; N/A                                     ; 260.69 MHz ( period = 3.836 ns )                    ; addr[7]        ; data[3]~reg0   ; clk        ; clk      ; None                        ; None                      ; 3.575 ns                ;
; N/A                                     ; 261.30 MHz ( period = 3.827 ns )                    ; LCD_count[2]   ; LCD_count[6]   ; clk        ; clk      ; None                        ; None                      ; 3.566 ns                ;
; N/A                                     ; 261.57 MHz ( period = 3.823 ns )                    ; LCD_count[2]   ; LCD_count[7]   ; clk        ; clk      ; None                        ; None                      ; 3.562 ns                ;
; N/A                                     ; 263.37 MHz ( period = 3.797 ns )                    ; addr[2]        ; data[3]~reg0   ; clk        ; clk      ; None                        ; None                      ; 3.536 ns                ;
; N/A                                     ; 263.37 MHz ( period = 3.797 ns )                    ; addr[2]        ; data[7]~reg0   ; clk        ; clk      ; None                        ; None                      ; 3.536 ns                ;
; N/A                                     ; 263.37 MHz ( period = 3.797 ns )                    ; addr[2]        ; data[7]~en     ; clk        ; clk      ; None                        ; None                      ; 3.536 ns                ;
; N/A                                     ; 263.37 MHz ( period = 3.797 ns )                    ; addr[2]        ; data[6]~reg0   ; clk        ; clk      ; None                        ; None                      ; 3.536 ns                ;
; N/A                                     ; 264.13 MHz ( period = 3.786 ns )                    ; addr[1]        ; addr[1]        ; clk        ; clk      ; None                        ; None                      ; 3.525 ns                ;
; N/A                                     ; 264.41 MHz ( period = 3.782 ns )                    ; addr[9]        ; addr[9]        ; clk        ; clk      ; None                        ; None                      ; 3.521 ns                ;
; N/A                                     ; 265.46 MHz ( period = 3.767 ns )                    ; state.IDLE     ; addr[0]        ; clk        ; clk      ; None                        ; None                      ; 3.506 ns                ;
; N/A                                     ; 265.82 MHz ( period = 3.762 ns )                    ; state.IDLE     ; addr[9]        ; clk        ; clk      ; None                        ; None                      ; 3.501 ns                ;
; N/A                                     ; 267.45 MHz ( period = 3.739 ns )                    ; addr[0]        ; addr[0]        ; clk        ; clk      ; None                        ; None                      ; 3.478 ns                ;
; N/A                                     ; 269.47 MHz ( period = 3.711 ns )                    ; addr[5]        ; addr[5]        ; clk        ; clk      ; None                        ; None                      ; 3.450 ns                ;
; N/A                                     ; 270.20 MHz ( period = 3.701 ns )                    ; state.DISPLAY1 ; data[2]~reg0   ; clk        ; clk      ; None                        ; None                      ; 3.440 ns                ;
; N/A                                     ; 270.20 MHz ( period = 3.701 ns )                    ; addr[6]        ; data[2]~reg0   ; clk        ; clk      ; None                        ; None                      ; 3.440 ns                ;
; N/A                                     ; 270.42 MHz ( period = 3.698 ns )                    ; addr[1]        ; state.STOP     ; clk        ; clk      ; None                        ; None                      ; 3.437 ns                ;
; N/A                                     ; 270.56 MHz ( period = 3.696 ns )                    ; addr[1]        ; state.DISPLAY0 ; clk        ; clk      ; None                        ; None                      ; 3.435 ns                ;
; N/A                                     ; 272.41 MHz ( period = 3.671 ns )                    ; addr[4]        ; data[0]~reg0   ; clk        ; clk      ; None                        ; None                      ; 3.410 ns                ;
; N/A                                     ; 274.42 MHz ( period = 3.644 ns )                    ; state.IDLE     ; addr[5]        ; clk        ; clk      ; None                        ; None                      ; 3.383 ns                ;
; N/A                                     ; 274.73 MHz ( period = 3.640 ns )                    ; state.IDLE     ; addr[6]        ; clk        ; clk      ; None                        ; None                      ; 3.379 ns                ;
; N/A                                     ; Restricted to 275.03 MHz ( period = 3.636 ns )      ; LCD_count[9]   ; LCD_count[2]   ; clk        ; clk      ; None                        ; None                      ; 3.362 ns                ;
; N/A                                     ; Restricted to 275.03 MHz ( period = 3.636 ns )      ; LCD_count[9]   ; LCD_count[7]   ; clk        ; clk      ; None                        ; None                      ; 3.346 ns                ;
; N/A                                     ; Restricted to 275.03 MHz ( period = 3.636 ns )      ; LCD_count[9]   ; LCD_clk        ; clk        ; clk      ; None                        ; None                      ; 3.345 ns                ;
; N/A                                     ; Restricted to 275.03 MHz ( period = 3.636 ns )      ; LCD_count[6]   ; LCD_count[8]   ; clk        ; clk      ; None                        ; None                      ; 3.345 ns                ;
; N/A                                     ; Restricted to 275.03 MHz ( period = 3.636 ns )      ; LCD_count[9]   ; LCD_count[6]   ; clk        ; clk      ; None                        ; None                      ; 3.342 ns                ;
; N/A                                     ; Restricted to 275.03 MHz ( period = 3.636 ns )      ; addr[1]        ; data[3]~reg0   ; clk        ; clk      ; None                        ; None                      ; 3.319 ns                ;
; N/A                                     ; Restricted to 275.03 MHz ( period = 3.636 ns )      ; addr[1]        ; data[7]~reg0   ; clk        ; clk      ; None                        ; None                      ; 3.319 ns                ;
; N/A                                     ; Restricted to 275.03 MHz ( period = 3.636 ns )      ; addr[1]        ; data[7]~en     ; clk        ; clk      ; None                        ; None                      ; 3.319 ns                ;
; N/A                                     ; Restricted to 275.03 MHz ( period = 3.636 ns )      ; addr[1]        ; data[6]~reg0   ; clk        ; clk      ; None                        ; None                      ; 3.319 ns                ;
; N/A                                     ; Restricted to 275.03 MHz ( period = 3.636 ns )      ; state.IDLE     ; addr[7]        ; clk        ; clk      ; None                        ; None                      ; 3.277 ns                ;
; N/A                                     ; Restricted to 275.03 MHz ( period = 3.636 ns )      ; addr[9]        ; data[3]~reg0   ; clk        ; clk      ; None                        ; None                      ; 3.254 ns                ;
; N/A                                     ; Restricted to 275.03 MHz ( period = 3.636 ns )      ; addr[9]        ; data[7]~reg0   ; clk        ; clk      ; None                        ; None                      ; 3.254 ns                ;
; N/A                                     ; Restricted to 275.03 MHz ( period = 3.636 ns )      ; addr[9]        ; data[7]~en     ; clk        ; clk      ; None                        ; None                      ; 3.254 ns                ;
; N/A                                     ; Restricted to 275.03 MHz ( period = 3.636 ns )      ; addr[9]        ; data[6]~reg0   ; clk        ; clk      ; None                        ; None                      ; 3.254 ns                ;
; N/A                                     ; Restricted to 275.03 MHz ( period = 3.636 ns )      ; addr[3]        ; addr[3]        ; clk        ; clk      ; None                        ; None                      ; 3.248 ns                ;
; N/A                                     ; Restricted to 275.03 MHz ( period = 3.636 ns )      ; addr[0]        ; state.STOP     ; clk        ; clk      ; None                        ; None                      ; 3.229 ns                ;
; N/A                                     ; Restricted to 275.03 MHz ( period = 3.636 ns )      ; addr[0]        ; state.DISPLAY0 ; clk        ; clk      ; None                        ; None                      ; 3.227 ns                ;
; N/A                                     ; Restricted to 275.03 MHz ( period = 3.636 ns )      ; LCD_count[7]   ; LCD_count[8]   ; clk        ; clk      ; None                        ; None                      ; 3.215 ns                ;
; N/A                                     ; Restricted to 275.03 MHz ( period = 3.636 ns )      ; LCD_count[6]   ; LCD_count[6]   ; clk        ; clk      ; None                        ; None                      ; 3.201 ns                ;
; N/A                                     ; Restricted to 275.03 MHz ( period = 3.636 ns )      ; LCD_count[7]   ; LCD_count[7]   ; clk        ; clk      ; None                        ; None                      ; 3.194 ns                ;
; N/A                                     ; Restricted to 275.03 MHz ( period = 3.636 ns )      ; addr[5]        ; data[1]~reg0   ; clk        ; clk      ; None                        ; None                      ; 3.193 ns                ;
; N/A                                     ; Restricted to 275.03 MHz ( period = 3.636 ns )      ; LCD_count[6]   ; LCD_count[11]  ; clk        ; clk      ; None                        ; None                      ; 3.190 ns                ;
; N/A                                     ; Restricted to 275.03 MHz ( period = 3.636 ns )      ; addr[2]        ; state.STOP     ; clk        ; clk      ; None                        ; None                      ; 3.179 ns                ;
; N/A                                     ; Restricted to 275.03 MHz ( period = 3.636 ns )      ; addr[2]        ; state.DISPLAY0 ; clk        ; clk      ; None                        ; None                      ; 3.177 ns                ;
; N/A                                     ; Restricted to 275.03 MHz ( period = 3.636 ns )      ; LCD_count[6]   ; LCD_count[9]   ; clk        ; clk      ; None                        ; None                      ; 3.166 ns                ;
; N/A                                     ; Restricted to 275.03 MHz ( period = 3.636 ns )      ; addr[7]        ; data[7]~reg0   ; clk        ; clk      ; None                        ; None                      ; 3.127 ns                ;
; N/A                                     ; Restricted to 275.03 MHz ( period = 3.636 ns )      ; addr[7]        ; data[7]~en     ; clk        ; clk      ; None                        ; None                      ; 3.127 ns                ;
; N/A                                     ; Restricted to 275.03 MHz ( period = 3.636 ns )      ; addr[7]        ; data[6]~reg0   ; clk        ; clk      ; None                        ; None                      ; 3.127 ns                ;
; N/A                                     ; Restricted to 275.03 MHz ( period = 3.636 ns )      ; addr[2]        ; addr[2]        ; clk        ; clk      ; None                        ; None                      ; 3.126 ns                ;
; N/A                                     ; Restricted to 275.03 MHz ( period = 3.636 ns )      ; LCD_count[0]   ; LCD_count[11]  ; clk        ; clk      ; None                        ; None                      ; 3.122 ns                ;
; N/A                                     ; Restricted to 275.03 MHz ( period = 3.636 ns )      ; state.DISPLAY1 ; data[0]~reg0   ; clk        ; clk      ; None                        ; None                      ; 3.120 ns                ;
; Timing analysis restricted to 200 rows. ; To change the limit use Settings (Assignments menu) ;                ;                ;            ;          ;                             ;                           ;                         ;
+-----------------------------------------+-----------------------------------------------------+----------------+----------------+------------+----------+-----------------------------+---------------------------+-------------------------+


+-------------------------------------------------------------------------+
; tco                                                                     ;
+-------+--------------+------------+--------------+---------+------------+
; Slack ; Required tco ; Actual tco ; From         ; To      ; From Clock ;
+-------+--------------+------------+--------------+---------+------------+
; N/A   ; None         ; 13.500 ns  ; flag         ; en      ; clk        ;
; N/A   ; None         ; 12.774 ns  ; data[3]~reg0 ; data[3] ; clk        ;
; N/A   ; None         ; 12.523 ns  ; data[1]~en   ; data[1] ; clk        ;
; N/A   ; None         ; 12.516 ns  ; data[6]~en   ; data[6] ; clk        ;
; N/A   ; None         ; 12.514 ns  ; data[5]~en   ; data[5] ; clk        ;
; N/A   ; None         ; 12.507 ns  ; data[7]~en   ; data[7] ; clk        ;
; N/A   ; None         ; 12.455 ns  ; data[6]~reg0 ; data[6] ; clk        ;
; N/A   ; None         ; 12.442 ns  ; rs~reg0      ; rs      ; clk        ;
; N/A   ; None         ; 12.419 ns  ; data[7]~reg0 ; data[7] ; clk        ;
; N/A   ; None         ; 12.249 ns  ; data[0]~en   ; data[0] ; clk        ;
; N/A   ; None         ; 12.163 ns  ; data[0]~reg0 ; data[0] ; clk        ;
; N/A   ; None         ; 12.158 ns  ; data[1]~reg0 ; data[1] ; clk        ;
; N/A   ; None         ; 12.149 ns  ; data[5]~reg0 ; data[5] ; clk        ;
; N/A   ; None         ; 12.071 ns  ; data[2]~en   ; data[2] ; clk        ;
; N/A   ; None         ; 12.064 ns  ; data[4]~en   ; data[4] ; clk        ;
; N/A   ; None         ; 12.063 ns  ; data[3]~en   ; data[3] ; clk        ;
; N/A   ; None         ; 11.724 ns  ; data[2]~reg0 ; data[2] ; clk        ;
; N/A   ; None         ; 11.718 ns  ; data[4]~reg0 ; data[4] ; clk        ;
; N/A   ; None         ; 11.256 ns  ; LCD_clk      ; en      ; clk        ;
+-------+--------------+------------+--------------+---------+------------+


+--------------------------+
; Timing Analyzer Messages ;
+--------------------------+
Info: *******************************************************************
Info: Running Quartus II Classic Timing Analyzer
    Info: Version 9.1 Build 222 10/21/2009 SJ Full Version
    Info: Processing started: Fri May 12 08:39:56 2017
Info: Command: quartus_tan --read_settings_files=off --write_settings_files=off LCD_Block_Disp -c LCD_Block_Disp --timing_analysis_only
Info: Parallel compilation is enabled and will use 2 of the 2 processors detected
Warning: Found pins functioning as undefined clocks and/or memory enables
    Info: Assuming node "clk" is an undefined clock
Warning: Found 1 node(s) in clock paths which may be acting as ripple and/or gated clocks -- node(s) analyzed as buffer(s) resulting in clock skew
    Info: Detected ripple clock "LCD_clk" as buffer
Info: Clock "clk" has Internal fmax of 201.94 MHz between source register "addr[3]" and destination register "data[2]~reg0" (period= 4.952 ns)
    Info: + Longest register to register delay is 4.691 ns
        Info: 1: + IC(0.000 ns) + CELL(0.000 ns) = 0.000 ns; Loc. = LC_X34_Y15_N3; Fanout = 7; REG Node = 'addr[3]'
        Info: 2: + IC(0.764 ns) + CELL(0.590 ns) = 1.354 ns; Loc. = LC_X33_Y15_N6; Fanout = 7; COMB Node = 'always2~0'
        Info: 3: + IC(0.755 ns) + CELL(0.442 ns) = 2.551 ns; Loc. = LC_X33_Y15_N7; Fanout = 3; COMB Node = 'Selector21~0'
        Info: 4: + IC(1.533 ns) + CELL(0.607 ns) = 4.691 ns; Loc. = LC_X34_Y17_N0; Fanout = 1; REG Node = 'data[2]~reg0'
        Info: Total cell delay = 1.639 ns ( 34.94 % )
        Info: Total interconnect delay = 3.052 ns ( 65.06 % )
    Info: - Smallest clock skew is 0.000 ns
        Info: + Shortest clock path from clock "clk" to destination register is 8.224 ns
            Info: 1: + IC(0.000 ns) + CELL(1.469 ns) = 1.469 ns; Loc. = PIN_28; Fanout = 13; CLK Node = 'clk'
            Info: 2: + IC(0.722 ns) + CELL(0.935 ns) = 3.126 ns; Loc. = LC_X12_Y8_N6; Fanout = 39; REG Node = 'LCD_clk'
            Info: 3: + IC(4.387 ns) + CELL(0.711 ns) = 8.224 ns; Loc. = LC_X34_Y17_N0; Fanout = 1; REG Node = 'data[2]~reg0'
            Info: Total cell delay = 3.115 ns ( 37.88 % )
            Info: Total interconnect delay = 5.109 ns ( 62.12 % )
        Info: - Longest clock path from clock "clk" to source register is 8.224 ns
            Info: 1: + IC(0.000 ns) + CELL(1.469 ns) = 1.469 ns; Loc. = PIN_28; Fanout = 13; CLK Node = 'clk'
            Info: 2: + IC(0.722 ns) + CELL(0.935 ns) = 3.126 ns; Loc. = LC_X12_Y8_N6; Fanout = 39; REG Node = 'LCD_clk'
            Info: 3: + IC(4.387 ns) + CELL(0.711 ns) = 8.224 ns; Loc. = LC_X34_Y15_N3; Fanout = 7; REG Node = 'addr[3]'
            Info: Total cell delay = 3.115 ns ( 37.88 % )
            Info: Total interconnect delay = 5.109 ns ( 62.12 % )
    Info: + Micro clock to output delay of source is 0.224 ns
    Info: + Micro setup delay of destination is 0.037 ns
Info: tco from clock "clk" to destination pin "en" through register "flag" is 13.500 ns
    Info: + Longest clock path from clock "clk" to source register is 8.224 ns
        Info: 1: + IC(0.000 ns) + CELL(1.469 ns) = 1.469 ns; Loc. = PIN_28; Fanout = 13; CLK Node = 'clk'
        Info: 2: + IC(0.722 ns) + CELL(0.935 ns) = 3.126 ns; Loc. = LC_X12_Y8_N6; Fanout = 39; REG Node = 'LCD_clk'
        Info: 3: + IC(4.387 ns) + CELL(0.711 ns) = 8.224 ns; Loc. = LC_X33_Y17_N9; Fanout = 2; REG Node = 'flag'
        Info: Total cell delay = 3.115 ns ( 37.88 % )
        Info: Total interconnect delay = 5.109 ns ( 62.12 % )
    Info: + Micro clock to output delay of source is 0.224 ns
    Info: + Longest register to pin delay is 5.052 ns
        Info: 1: + IC(0.000 ns) + CELL(0.000 ns) = 0.000 ns; Loc. = LC_X33_Y17_N9; Fanout = 2; REG Node = 'flag'
        Info: 2: + IC(0.536 ns) + CELL(0.590 ns) = 1.126 ns; Loc. = LC_X33_Y17_N2; Fanout = 1; COMB Node = 'en~0'
        Info: 3: + IC(1.802 ns) + CELL(2.124 ns) = 5.052 ns; Loc. = PIN_175; Fanout = 0; PIN Node = 'en'
        Info: Total cell delay = 2.714 ns ( 53.72 % )
        Info: Total interconnect delay = 2.338 ns ( 46.28 % )
Info: Quartus II Classic Timing Analyzer was successful. 0 errors, 2 warnings
    Info: Peak virtual memory: 194 megabytes
    Info: Processing ended: Fri May 12 08:39:57 2017
    Info: Elapsed time: 00:00:01
    Info: Total CPU time (on all processors): 00:00:01


