Classic Timing Analyzer report for Digital_clock
Fri May 05 11:46:33 2017
Quartus II Version 9.1 Build 222 10/21/2009 SJ Full Version


---------------------
; Table of Contents ;
---------------------
  1. Legal Notice
  2. Timing Analyzer Summary
  3. Timing Analyzer Settings
  4. Clock Settings Summary
  5. Parallel Compilation
  6. Clock Setup: 'clk'
  7. tco
  8. Timing Analyzer Messages



----------------
; Legal Notice ;
----------------
Copyright (C) 1991-2009 Altera Corporation
Your use of Altera Corporation's design tools, logic functions 
and other software and tools, and its AMPP partner logic 
functions, and any output files from any of the foregoing 
(including device programming or simulation files), and any 
associated documentation or information are expressly subject 
to the terms and conditions of the Altera Program License 
Subscription Agreement, Altera MegaCore Function License 
Agreement, or other applicable license agreement, including, 
without limitation, that your use is for the sole purpose of 
programming logic devices manufactured by Altera and sold by 
Altera or its authorized distributors.  Please refer to the 
applicable agreement for further details.



+-------------------------------------------------------------------------------------------------------------------------------------------------------------------------------------------------------+
; Timing Analyzer Summary                                                                                                                                                                               ;
+------------------------------+-------+---------------+----------------------------------+-------------------------------------+--------------------------------+------------+----------+--------------+
; Type                         ; Slack ; Required Time ; Actual Time                      ; From                                ; To                             ; From Clock ; To Clock ; Failed Paths ;
+------------------------------+-------+---------------+----------------------------------+-------------------------------------+--------------------------------+------------+----------+--------------+
; Worst-case tco               ; N/A   ; None          ; 15.713 ns                        ; LED_Processing_Unit:inst1|LEDOut[4] ; LED_OUT[2]                     ; clk        ; --       ; 0            ;
; Clock Setup: 'clk'           ; N/A   ; None          ; 174.00 MHz ( period = 5.747 ns ) ; LED_Processing_Unit:inst1|count[6]  ; LED_Processing_Unit:inst1|clk2 ; clk        ; clk      ; 0            ;
; Total number of failed paths ;       ;               ;                                  ;                                     ;                                ;            ;          ; 0            ;
+------------------------------+-------+---------------+----------------------------------+-------------------------------------+--------------------------------+------------+----------+--------------+


+-----------------------------------------------------------------------------------------------------------------------------------------------------+
; Timing Analyzer Settings                                                                                                                            ;
+------------------------------------------------------------------------------------------------------+--------------------+------+----+-------------+
; Option                                                                                               ; Setting            ; From ; To ; Entity Name ;
+------------------------------------------------------------------------------------------------------+--------------------+------+----+-------------+
; Device Name                                                                                          ; EP1C6Q240C8        ;      ;    ;             ;
; Timing Models                                                                                        ; Final              ;      ;    ;             ;
; Default hold multicycle                                                                              ; Same as Multicycle ;      ;    ;             ;
; Cut paths between unrelated clock domains                                                            ; On                 ;      ;    ;             ;
; Cut off read during write signal paths                                                               ; On                 ;      ;    ;             ;
; Cut off feedback from I/O pins                                                                       ; On                 ;      ;    ;             ;
; Report Combined Fast/Slow Timing                                                                     ; Off                ;      ;    ;             ;
; Ignore Clock Settings                                                                                ; Off                ;      ;    ;             ;
; Analyze latches as synchronous elements                                                              ; On                 ;      ;    ;             ;
; Enable Recovery/Removal analysis                                                                     ; Off                ;      ;    ;             ;
; Enable Clock Latency                                                                                 ; Off                ;      ;    ;             ;
; Use TimeQuest Timing Analyzer                                                                        ; Off                ;      ;    ;             ;
; Minimum Core Junction Temperature                                                                    ; 0                  ;      ;    ;             ;
; Maximum Core Junction Temperature                                                                    ; 85                 ;      ;    ;             ;
; Number of source nodes to report per destination node                                                ; 10                 ;      ;    ;             ;
; Number of destination nodes to report                                                                ; 10                 ;      ;    ;             ;
; Number of paths to report                                                                            ; 200                ;      ;    ;             ;
; Report Minimum Timing Checks                                                                         ; Off                ;      ;    ;             ;
; Use Fast Timing Models                                                                               ; Off                ;      ;    ;             ;
; Report IO Paths Separately                                                                           ; Off                ;      ;    ;             ;
; Perform Multicorner Analysis                                                                         ; Off                ;      ;    ;             ;
; Reports the worst-case path for each clock domain and analysis                                       ; Off                ;      ;    ;             ;
; Reports worst-case timing paths for each clock domain and analysis                                   ; On                 ;      ;    ;             ;
; Specifies the maximum number of worst-case timing paths to report for each clock domain and analysis ; 100                ;      ;    ;             ;
; Removes common clock path pessimism (CCPP) during slack computation                                  ; Off                ;      ;    ;             ;
; Output I/O Timing Endpoint                                                                           ; Near End           ;      ;    ;             ;
+------------------------------------------------------------------------------------------------------+--------------------+------+----+-------------+


+------------------------------------------------------------------------------------------------------------------------------------------------------------------------------------+
; Clock Settings Summary                                                                                                                                                             ;
+-----------------+--------------------+----------+------------------+---------------+--------------+----------+-----------------------+---------------------+--------+--------------+
; Clock Node Name ; Clock Setting Name ; Type     ; Fmax Requirement ; Early Latency ; Late Latency ; Based on ; Multiply Base Fmax by ; Divide Base Fmax by ; Offset ; Phase offset ;
+-----------------+--------------------+----------+------------------+---------------+--------------+----------+-----------------------+---------------------+--------+--------------+
; clk             ;                    ; User Pin ; None             ; 0.000 ns      ; 0.000 ns     ; --       ; N/A                   ; N/A                 ; N/A    ;              ;
+-----------------+--------------------+----------+------------------+---------------+--------------+----------+-----------------------+---------------------+--------+--------------+


+------------------------------------------+
; Parallel Compilation                     ;
+----------------------------+-------------+
; Processors                 ; Number      ;
+----------------------------+-------------+
; Number detected on machine ; 2           ;
; Maximum allowed            ; 2           ;
;                            ;             ;
; Average used               ; 1.00        ;
; Maximum used               ; 1           ;
;                            ;             ;
; Usage by Processor         ; % Time Used ;
;     1 processor            ; 100.0%      ;
;     2 processors           ;   0.0%      ;
+----------------------------+-------------+


+---------------------------------------------------------------------------------------------------------------------------------------------------------------------------------------------------------------------------------------------------------------------------------------+
; Clock Setup: 'clk'                                                                                                                                                                                                                                                                    ;
+-----------------------------------------+-----------------------------------------------------+-------------------------------------+-------------------------------------+------------+----------+-----------------------------+---------------------------+-------------------------+
; Slack                                   ; Actual fmax (period)                                ; From                                ; To                                  ; From Clock ; To Clock ; Required Setup Relationship ; Required Longest P2P Time ; Actual Longest P2P Time ;
+-----------------------------------------+-----------------------------------------------------+-------------------------------------+-------------------------------------+------------+----------+-----------------------------+---------------------------+-------------------------+
; N/A                                     ; 174.00 MHz ( period = 5.747 ns )                    ; LED_Processing_Unit:inst1|count[6]  ; LED_Processing_Unit:inst1|count[10] ; clk        ; clk      ; None                        ; None                      ; 5.486 ns                ;
; N/A                                     ; 174.00 MHz ( period = 5.747 ns )                    ; LED_Processing_Unit:inst1|count[6]  ; LED_Processing_Unit:inst1|clk2      ; clk        ; clk      ; None                        ; None                      ; 5.486 ns                ;
; N/A                                     ; 174.06 MHz ( period = 5.745 ns )                    ; LED_Processing_Unit:inst1|count[6]  ; LED_Processing_Unit:inst1|count[7]  ; clk        ; clk      ; None                        ; None                      ; 5.484 ns                ;
; N/A                                     ; 174.06 MHz ( period = 5.745 ns )                    ; LED_Processing_Unit:inst1|count[6]  ; LED_Processing_Unit:inst1|count[15] ; clk        ; clk      ; None                        ; None                      ; 5.484 ns                ;
; N/A                                     ; 174.09 MHz ( period = 5.744 ns )                    ; LED_Processing_Unit:inst1|count[6]  ; LED_Processing_Unit:inst1|count[9]  ; clk        ; clk      ; None                        ; None                      ; 5.483 ns                ;
; N/A                                     ; 174.13 MHz ( period = 5.743 ns )                    ; LED_Processing_Unit:inst1|count[6]  ; LED_Processing_Unit:inst1|count[12] ; clk        ; clk      ; None                        ; None                      ; 5.482 ns                ;
; N/A                                     ; 179.44 MHz ( period = 5.573 ns )                    ; LED_Processing_Unit:inst1|count[7]  ; LED_Processing_Unit:inst1|count[10] ; clk        ; clk      ; None                        ; None                      ; 5.312 ns                ;
; N/A                                     ; 179.44 MHz ( period = 5.573 ns )                    ; LED_Processing_Unit:inst1|count[7]  ; LED_Processing_Unit:inst1|clk2      ; clk        ; clk      ; None                        ; None                      ; 5.312 ns                ;
; N/A                                     ; 179.50 MHz ( period = 5.571 ns )                    ; LED_Processing_Unit:inst1|count[7]  ; LED_Processing_Unit:inst1|count[7]  ; clk        ; clk      ; None                        ; None                      ; 5.310 ns                ;
; N/A                                     ; 179.50 MHz ( period = 5.571 ns )                    ; LED_Processing_Unit:inst1|count[7]  ; LED_Processing_Unit:inst1|count[15] ; clk        ; clk      ; None                        ; None                      ; 5.310 ns                ;
; N/A                                     ; 179.53 MHz ( period = 5.570 ns )                    ; LED_Processing_Unit:inst1|count[7]  ; LED_Processing_Unit:inst1|count[9]  ; clk        ; clk      ; None                        ; None                      ; 5.309 ns                ;
; N/A                                     ; 179.57 MHz ( period = 5.569 ns )                    ; LED_Processing_Unit:inst1|count[7]  ; LED_Processing_Unit:inst1|count[12] ; clk        ; clk      ; None                        ; None                      ; 5.308 ns                ;
; N/A                                     ; 179.89 MHz ( period = 5.559 ns )                    ; LED_Processing_Unit:inst1|count[0]  ; LED_Processing_Unit:inst1|count[10] ; clk        ; clk      ; None                        ; None                      ; 5.269 ns                ;
; N/A                                     ; 179.89 MHz ( period = 5.559 ns )                    ; LED_Processing_Unit:inst1|count[0]  ; LED_Processing_Unit:inst1|clk2      ; clk        ; clk      ; None                        ; None                      ; 5.269 ns                ;
; N/A                                     ; 179.95 MHz ( period = 5.557 ns )                    ; LED_Processing_Unit:inst1|count[0]  ; LED_Processing_Unit:inst1|count[7]  ; clk        ; clk      ; None                        ; None                      ; 5.267 ns                ;
; N/A                                     ; 179.95 MHz ( period = 5.557 ns )                    ; LED_Processing_Unit:inst1|count[0]  ; LED_Processing_Unit:inst1|count[15] ; clk        ; clk      ; None                        ; None                      ; 5.267 ns                ;
; N/A                                     ; 179.99 MHz ( period = 5.556 ns )                    ; LED_Processing_Unit:inst1|count[0]  ; LED_Processing_Unit:inst1|count[9]  ; clk        ; clk      ; None                        ; None                      ; 5.266 ns                ;
; N/A                                     ; 180.02 MHz ( period = 5.555 ns )                    ; LED_Processing_Unit:inst1|count[0]  ; LED_Processing_Unit:inst1|count[12] ; clk        ; clk      ; None                        ; None                      ; 5.265 ns                ;
; N/A                                     ; 180.67 MHz ( period = 5.535 ns )                    ; LED_Processing_Unit:inst1|count[9]  ; LED_Processing_Unit:inst1|count[10] ; clk        ; clk      ; None                        ; None                      ; 5.274 ns                ;
; N/A                                     ; 180.67 MHz ( period = 5.535 ns )                    ; LED_Processing_Unit:inst1|count[9]  ; LED_Processing_Unit:inst1|clk2      ; clk        ; clk      ; None                        ; None                      ; 5.274 ns                ;
; N/A                                     ; 180.73 MHz ( period = 5.533 ns )                    ; LED_Processing_Unit:inst1|count[9]  ; LED_Processing_Unit:inst1|count[7]  ; clk        ; clk      ; None                        ; None                      ; 5.272 ns                ;
; N/A                                     ; 180.73 MHz ( period = 5.533 ns )                    ; LED_Processing_Unit:inst1|count[9]  ; LED_Processing_Unit:inst1|count[15] ; clk        ; clk      ; None                        ; None                      ; 5.272 ns                ;
; N/A                                     ; 180.77 MHz ( period = 5.532 ns )                    ; LED_Processing_Unit:inst1|count[9]  ; LED_Processing_Unit:inst1|count[9]  ; clk        ; clk      ; None                        ; None                      ; 5.271 ns                ;
; N/A                                     ; 180.80 MHz ( period = 5.531 ns )                    ; LED_Processing_Unit:inst1|count[9]  ; LED_Processing_Unit:inst1|count[12] ; clk        ; clk      ; None                        ; None                      ; 5.270 ns                ;
; N/A                                     ; 185.36 MHz ( period = 5.395 ns )                    ; LED_Processing_Unit:inst1|count[10] ; LED_Processing_Unit:inst1|count[10] ; clk        ; clk      ; None                        ; None                      ; 5.134 ns                ;
; N/A                                     ; 185.36 MHz ( period = 5.395 ns )                    ; LED_Processing_Unit:inst1|count[10] ; LED_Processing_Unit:inst1|clk2      ; clk        ; clk      ; None                        ; None                      ; 5.134 ns                ;
; N/A                                     ; 185.43 MHz ( period = 5.393 ns )                    ; LED_Processing_Unit:inst1|count[10] ; LED_Processing_Unit:inst1|count[7]  ; clk        ; clk      ; None                        ; None                      ; 5.132 ns                ;
; N/A                                     ; 185.43 MHz ( period = 5.393 ns )                    ; LED_Processing_Unit:inst1|count[10] ; LED_Processing_Unit:inst1|count[15] ; clk        ; clk      ; None                        ; None                      ; 5.132 ns                ;
; N/A                                     ; 185.46 MHz ( period = 5.392 ns )                    ; LED_Processing_Unit:inst1|count[10] ; LED_Processing_Unit:inst1|count[9]  ; clk        ; clk      ; None                        ; None                      ; 5.131 ns                ;
; N/A                                     ; 185.49 MHz ( period = 5.391 ns )                    ; LED_Processing_Unit:inst1|count[10] ; LED_Processing_Unit:inst1|count[12] ; clk        ; clk      ; None                        ; None                      ; 5.130 ns                ;
; N/A                                     ; 189.32 MHz ( period = 5.282 ns )                    ; LED_Processing_Unit:inst1|count[14] ; LED_Processing_Unit:inst1|count[10] ; clk        ; clk      ; None                        ; None                      ; 4.992 ns                ;
; N/A                                     ; 189.32 MHz ( period = 5.282 ns )                    ; LED_Processing_Unit:inst1|count[14] ; LED_Processing_Unit:inst1|clk2      ; clk        ; clk      ; None                        ; None                      ; 4.992 ns                ;
; N/A                                     ; 189.39 MHz ( period = 5.280 ns )                    ; LED_Processing_Unit:inst1|count[14] ; LED_Processing_Unit:inst1|count[7]  ; clk        ; clk      ; None                        ; None                      ; 4.990 ns                ;
; N/A                                     ; 189.39 MHz ( period = 5.280 ns )                    ; LED_Processing_Unit:inst1|count[14] ; LED_Processing_Unit:inst1|count[15] ; clk        ; clk      ; None                        ; None                      ; 4.990 ns                ;
; N/A                                     ; 189.43 MHz ( period = 5.279 ns )                    ; LED_Processing_Unit:inst1|count[14] ; LED_Processing_Unit:inst1|count[9]  ; clk        ; clk      ; None                        ; None                      ; 4.989 ns                ;
; N/A                                     ; 189.47 MHz ( period = 5.278 ns )                    ; LED_Processing_Unit:inst1|count[14] ; LED_Processing_Unit:inst1|count[12] ; clk        ; clk      ; None                        ; None                      ; 4.988 ns                ;
; N/A                                     ; 189.72 MHz ( period = 5.271 ns )                    ; LED_Processing_Unit:inst1|count[5]  ; LED_Processing_Unit:inst1|count[10] ; clk        ; clk      ; None                        ; None                      ; 4.981 ns                ;
; N/A                                     ; 189.72 MHz ( period = 5.271 ns )                    ; LED_Processing_Unit:inst1|count[5]  ; LED_Processing_Unit:inst1|clk2      ; clk        ; clk      ; None                        ; None                      ; 4.981 ns                ;
; N/A                                     ; 189.79 MHz ( period = 5.269 ns )                    ; LED_Processing_Unit:inst1|count[5]  ; LED_Processing_Unit:inst1|count[7]  ; clk        ; clk      ; None                        ; None                      ; 4.979 ns                ;
; N/A                                     ; 189.79 MHz ( period = 5.269 ns )                    ; LED_Processing_Unit:inst1|count[5]  ; LED_Processing_Unit:inst1|count[15] ; clk        ; clk      ; None                        ; None                      ; 4.979 ns                ;
; N/A                                     ; 189.83 MHz ( period = 5.268 ns )                    ; LED_Processing_Unit:inst1|count[5]  ; LED_Processing_Unit:inst1|count[9]  ; clk        ; clk      ; None                        ; None                      ; 4.978 ns                ;
; N/A                                     ; 189.86 MHz ( period = 5.267 ns )                    ; LED_Processing_Unit:inst1|count[5]  ; LED_Processing_Unit:inst1|count[12] ; clk        ; clk      ; None                        ; None                      ; 4.977 ns                ;
; N/A                                     ; 193.31 MHz ( period = 5.173 ns )                    ; LED_Processing_Unit:inst1|count[3]  ; LED_Processing_Unit:inst1|count[10] ; clk        ; clk      ; None                        ; None                      ; 4.883 ns                ;
; N/A                                     ; 193.31 MHz ( period = 5.173 ns )                    ; LED_Processing_Unit:inst1|count[3]  ; LED_Processing_Unit:inst1|clk2      ; clk        ; clk      ; None                        ; None                      ; 4.883 ns                ;
; N/A                                     ; 193.39 MHz ( period = 5.171 ns )                    ; LED_Processing_Unit:inst1|count[3]  ; LED_Processing_Unit:inst1|count[7]  ; clk        ; clk      ; None                        ; None                      ; 4.881 ns                ;
; N/A                                     ; 193.39 MHz ( period = 5.171 ns )                    ; LED_Processing_Unit:inst1|count[3]  ; LED_Processing_Unit:inst1|count[15] ; clk        ; clk      ; None                        ; None                      ; 4.881 ns                ;
; N/A                                     ; 193.42 MHz ( period = 5.170 ns )                    ; LED_Processing_Unit:inst1|count[3]  ; LED_Processing_Unit:inst1|count[9]  ; clk        ; clk      ; None                        ; None                      ; 4.880 ns                ;
; N/A                                     ; 193.46 MHz ( period = 5.169 ns )                    ; LED_Processing_Unit:inst1|count[3]  ; LED_Processing_Unit:inst1|count[12] ; clk        ; clk      ; None                        ; None                      ; 4.879 ns                ;
; N/A                                     ; 193.50 MHz ( period = 5.168 ns )                    ; LED_Processing_Unit:inst1|count[26] ; LED_Processing_Unit:inst1|count[10] ; clk        ; clk      ; None                        ; None                      ; 4.907 ns                ;
; N/A                                     ; 193.50 MHz ( period = 5.168 ns )                    ; LED_Processing_Unit:inst1|count[26] ; LED_Processing_Unit:inst1|clk2      ; clk        ; clk      ; None                        ; None                      ; 4.907 ns                ;
; N/A                                     ; 193.57 MHz ( period = 5.166 ns )                    ; LED_Processing_Unit:inst1|count[26] ; LED_Processing_Unit:inst1|count[7]  ; clk        ; clk      ; None                        ; None                      ; 4.905 ns                ;
; N/A                                     ; 193.57 MHz ( period = 5.166 ns )                    ; LED_Processing_Unit:inst1|count[26] ; LED_Processing_Unit:inst1|count[15] ; clk        ; clk      ; None                        ; None                      ; 4.905 ns                ;
; N/A                                     ; 193.61 MHz ( period = 5.165 ns )                    ; LED_Processing_Unit:inst1|count[26] ; LED_Processing_Unit:inst1|count[9]  ; clk        ; clk      ; None                        ; None                      ; 4.904 ns                ;
; N/A                                     ; 193.65 MHz ( period = 5.164 ns )                    ; LED_Processing_Unit:inst1|count[26] ; LED_Processing_Unit:inst1|count[12] ; clk        ; clk      ; None                        ; None                      ; 4.903 ns                ;
; N/A                                     ; 195.58 MHz ( period = 5.113 ns )                    ; LED_Processing_Unit:inst1|count[12] ; LED_Processing_Unit:inst1|count[10] ; clk        ; clk      ; None                        ; None                      ; 4.852 ns                ;
; N/A                                     ; 195.58 MHz ( period = 5.113 ns )                    ; LED_Processing_Unit:inst1|count[12] ; LED_Processing_Unit:inst1|clk2      ; clk        ; clk      ; None                        ; None                      ; 4.852 ns                ;
; N/A                                     ; 195.66 MHz ( period = 5.111 ns )                    ; LED_Processing_Unit:inst1|count[12] ; LED_Processing_Unit:inst1|count[7]  ; clk        ; clk      ; None                        ; None                      ; 4.850 ns                ;
; N/A                                     ; 195.66 MHz ( period = 5.111 ns )                    ; LED_Processing_Unit:inst1|count[12] ; LED_Processing_Unit:inst1|count[15] ; clk        ; clk      ; None                        ; None                      ; 4.850 ns                ;
; N/A                                     ; 195.69 MHz ( period = 5.110 ns )                    ; LED_Processing_Unit:inst1|count[12] ; LED_Processing_Unit:inst1|count[9]  ; clk        ; clk      ; None                        ; None                      ; 4.849 ns                ;
; N/A                                     ; 195.73 MHz ( period = 5.109 ns )                    ; LED_Processing_Unit:inst1|count[12] ; LED_Processing_Unit:inst1|count[12] ; clk        ; clk      ; None                        ; None                      ; 4.848 ns                ;
; N/A                                     ; 196.04 MHz ( period = 5.101 ns )                    ; LED_Processing_Unit:inst1|count[15] ; LED_Processing_Unit:inst1|count[10] ; clk        ; clk      ; None                        ; None                      ; 4.840 ns                ;
; N/A                                     ; 196.04 MHz ( period = 5.101 ns )                    ; LED_Processing_Unit:inst1|count[15] ; LED_Processing_Unit:inst1|clk2      ; clk        ; clk      ; None                        ; None                      ; 4.840 ns                ;
; N/A                                     ; 196.12 MHz ( period = 5.099 ns )                    ; LED_Processing_Unit:inst1|count[15] ; LED_Processing_Unit:inst1|count[7]  ; clk        ; clk      ; None                        ; None                      ; 4.838 ns                ;
; N/A                                     ; 196.12 MHz ( period = 5.099 ns )                    ; LED_Processing_Unit:inst1|count[15] ; LED_Processing_Unit:inst1|count[15] ; clk        ; clk      ; None                        ; None                      ; 4.838 ns                ;
; N/A                                     ; 196.16 MHz ( period = 5.098 ns )                    ; LED_Processing_Unit:inst1|count[15] ; LED_Processing_Unit:inst1|count[9]  ; clk        ; clk      ; None                        ; None                      ; 4.837 ns                ;
; N/A                                     ; 196.19 MHz ( period = 5.097 ns )                    ; LED_Processing_Unit:inst1|count[11] ; LED_Processing_Unit:inst1|count[10] ; clk        ; clk      ; None                        ; None                      ; 4.807 ns                ;
; N/A                                     ; 196.19 MHz ( period = 5.097 ns )                    ; LED_Processing_Unit:inst1|count[15] ; LED_Processing_Unit:inst1|count[12] ; clk        ; clk      ; None                        ; None                      ; 4.836 ns                ;
; N/A                                     ; 196.19 MHz ( period = 5.097 ns )                    ; LED_Processing_Unit:inst1|count[11] ; LED_Processing_Unit:inst1|clk2      ; clk        ; clk      ; None                        ; None                      ; 4.807 ns                ;
; N/A                                     ; 196.27 MHz ( period = 5.095 ns )                    ; LED_Processing_Unit:inst1|count[11] ; LED_Processing_Unit:inst1|count[7]  ; clk        ; clk      ; None                        ; None                      ; 4.805 ns                ;
; N/A                                     ; 196.27 MHz ( period = 5.095 ns )                    ; LED_Processing_Unit:inst1|count[11] ; LED_Processing_Unit:inst1|count[15] ; clk        ; clk      ; None                        ; None                      ; 4.805 ns                ;
; N/A                                     ; 196.31 MHz ( period = 5.094 ns )                    ; LED_Processing_Unit:inst1|count[11] ; LED_Processing_Unit:inst1|count[9]  ; clk        ; clk      ; None                        ; None                      ; 4.804 ns                ;
; N/A                                     ; 196.35 MHz ( period = 5.093 ns )                    ; LED_Processing_Unit:inst1|count[11] ; LED_Processing_Unit:inst1|count[12] ; clk        ; clk      ; None                        ; None                      ; 4.803 ns                ;
; N/A                                     ; 197.24 MHz ( period = 5.070 ns )                    ; LED_Processing_Unit:inst1|count[6]  ; LED_Processing_Unit:inst1|count[0]  ; clk        ; clk      ; None                        ; None                      ; 4.838 ns                ;
; N/A                                     ; 199.52 MHz ( period = 5.012 ns )                    ; LED_Processing_Unit:inst1|count[6]  ; LED_Processing_Unit:inst1|count[19] ; clk        ; clk      ; None                        ; None                      ; 4.780 ns                ;
; N/A                                     ; 199.60 MHz ( period = 5.010 ns )                    ; LED_Processing_Unit:inst1|count[6]  ; LED_Processing_Unit:inst1|count[23] ; clk        ; clk      ; None                        ; None                      ; 4.778 ns                ;
; N/A                                     ; 199.68 MHz ( period = 5.008 ns )                    ; LED_Processing_Unit:inst1|count[6]  ; LED_Processing_Unit:inst1|count[20] ; clk        ; clk      ; None                        ; None                      ; 4.776 ns                ;
; N/A                                     ; 200.12 MHz ( period = 4.997 ns )                    ; LED_Processing_Unit:inst1|count[25] ; LED_Processing_Unit:inst1|count[10] ; clk        ; clk      ; None                        ; None                      ; 4.736 ns                ;
; N/A                                     ; 200.12 MHz ( period = 4.997 ns )                    ; LED_Processing_Unit:inst1|count[25] ; LED_Processing_Unit:inst1|clk2      ; clk        ; clk      ; None                        ; None                      ; 4.736 ns                ;
; N/A                                     ; 200.20 MHz ( period = 4.995 ns )                    ; LED_Processing_Unit:inst1|count[25] ; LED_Processing_Unit:inst1|count[7]  ; clk        ; clk      ; None                        ; None                      ; 4.734 ns                ;
; N/A                                     ; 200.20 MHz ( period = 4.995 ns )                    ; LED_Processing_Unit:inst1|count[25] ; LED_Processing_Unit:inst1|count[15] ; clk        ; clk      ; None                        ; None                      ; 4.734 ns                ;
; N/A                                     ; 200.24 MHz ( period = 4.994 ns )                    ; LED_Processing_Unit:inst1|count[25] ; LED_Processing_Unit:inst1|count[9]  ; clk        ; clk      ; None                        ; None                      ; 4.733 ns                ;
; N/A                                     ; 200.28 MHz ( period = 4.993 ns )                    ; LED_Processing_Unit:inst1|count[25] ; LED_Processing_Unit:inst1|count[12] ; clk        ; clk      ; None                        ; None                      ; 4.732 ns                ;
; N/A                                     ; 201.37 MHz ( period = 4.966 ns )                    ; LED_Processing_Unit:inst1|count[10] ; LED_Processing_Unit:inst1|count[24] ; clk        ; clk      ; None                        ; None                      ; 4.705 ns                ;
; N/A                                     ; 203.67 MHz ( period = 4.910 ns )                    ; LED_Processing_Unit:inst1|count[7]  ; LED_Processing_Unit:inst1|count[24] ; clk        ; clk      ; None                        ; None                      ; 4.649 ns                ;
; N/A                                     ; 203.75 MHz ( period = 4.908 ns )                    ; LED_Processing_Unit:inst1|count[27] ; LED_Processing_Unit:inst1|count[10] ; clk        ; clk      ; None                        ; None                      ; 4.647 ns                ;
; N/A                                     ; 203.75 MHz ( period = 4.908 ns )                    ; LED_Processing_Unit:inst1|count[27] ; LED_Processing_Unit:inst1|clk2      ; clk        ; clk      ; None                        ; None                      ; 4.647 ns                ;
; N/A                                     ; 203.83 MHz ( period = 4.906 ns )                    ; LED_Processing_Unit:inst1|count[27] ; LED_Processing_Unit:inst1|count[7]  ; clk        ; clk      ; None                        ; None                      ; 4.645 ns                ;
; N/A                                     ; 203.83 MHz ( period = 4.906 ns )                    ; LED_Processing_Unit:inst1|count[27] ; LED_Processing_Unit:inst1|count[15] ; clk        ; clk      ; None                        ; None                      ; 4.645 ns                ;
; N/A                                     ; 203.87 MHz ( period = 4.905 ns )                    ; LED_Processing_Unit:inst1|count[27] ; LED_Processing_Unit:inst1|count[9]  ; clk        ; clk      ; None                        ; None                      ; 4.644 ns                ;
; N/A                                     ; 203.92 MHz ( period = 4.904 ns )                    ; LED_Processing_Unit:inst1|count[27] ; LED_Processing_Unit:inst1|count[12] ; clk        ; clk      ; None                        ; None                      ; 4.643 ns                ;
; N/A                                     ; 204.25 MHz ( period = 4.896 ns )                    ; LED_Processing_Unit:inst1|count[7]  ; LED_Processing_Unit:inst1|count[0]  ; clk        ; clk      ; None                        ; None                      ; 4.664 ns                ;
; N/A                                     ; 204.83 MHz ( period = 4.882 ns )                    ; LED_Processing_Unit:inst1|count[0]  ; LED_Processing_Unit:inst1|count[0]  ; clk        ; clk      ; None                        ; None                      ; 4.621 ns                ;
; N/A                                     ; 205.42 MHz ( period = 4.868 ns )                    ; LED_Processing_Unit:inst1|count[10] ; LED_Processing_Unit:inst1|count[20] ; clk        ; clk      ; None                        ; None                      ; 4.636 ns                ;
; N/A                                     ; 205.85 MHz ( period = 4.858 ns )                    ; LED_Processing_Unit:inst1|count[9]  ; LED_Processing_Unit:inst1|count[0]  ; clk        ; clk      ; None                        ; None                      ; 4.626 ns                ;
; N/A                                     ; 205.85 MHz ( period = 4.858 ns )                    ; LED_Processing_Unit:inst1|count[10] ; LED_Processing_Unit:inst1|count[23] ; clk        ; clk      ; None                        ; None                      ; 4.626 ns                ;
; N/A                                     ; 205.93 MHz ( period = 4.856 ns )                    ; LED_Processing_Unit:inst1|count[2]  ; LED_Processing_Unit:inst1|count[10] ; clk        ; clk      ; None                        ; None                      ; 4.566 ns                ;
; N/A                                     ; 205.93 MHz ( period = 4.856 ns )                    ; LED_Processing_Unit:inst1|count[2]  ; LED_Processing_Unit:inst1|clk2      ; clk        ; clk      ; None                        ; None                      ; 4.566 ns                ;
; N/A                                     ; 206.02 MHz ( period = 4.854 ns )                    ; LED_Processing_Unit:inst1|count[2]  ; LED_Processing_Unit:inst1|count[7]  ; clk        ; clk      ; None                        ; None                      ; 4.564 ns                ;
; N/A                                     ; 206.02 MHz ( period = 4.854 ns )                    ; LED_Processing_Unit:inst1|count[2]  ; LED_Processing_Unit:inst1|count[15] ; clk        ; clk      ; None                        ; None                      ; 4.564 ns                ;
; N/A                                     ; 206.06 MHz ( period = 4.853 ns )                    ; LED_Processing_Unit:inst1|count[2]  ; LED_Processing_Unit:inst1|count[9]  ; clk        ; clk      ; None                        ; None                      ; 4.563 ns                ;
; N/A                                     ; 206.10 MHz ( period = 4.852 ns )                    ; LED_Processing_Unit:inst1|count[2]  ; LED_Processing_Unit:inst1|count[12] ; clk        ; clk      ; None                        ; None                      ; 4.562 ns                ;
; N/A                                     ; 206.57 MHz ( period = 4.841 ns )                    ; LED_Processing_Unit:inst1|count[6]  ; LED_Processing_Unit:inst1|count[24] ; clk        ; clk      ; None                        ; None                      ; 4.580 ns                ;
; N/A                                     ; 206.70 MHz ( period = 4.838 ns )                    ; LED_Processing_Unit:inst1|count[7]  ; LED_Processing_Unit:inst1|count[19] ; clk        ; clk      ; None                        ; None                      ; 4.606 ns                ;
; N/A                                     ; 206.78 MHz ( period = 4.836 ns )                    ; LED_Processing_Unit:inst1|count[7]  ; LED_Processing_Unit:inst1|count[23] ; clk        ; clk      ; None                        ; None                      ; 4.604 ns                ;
; N/A                                     ; 206.87 MHz ( period = 4.834 ns )                    ; LED_Processing_Unit:inst1|count[7]  ; LED_Processing_Unit:inst1|count[20] ; clk        ; clk      ; None                        ; None                      ; 4.602 ns                ;
; N/A                                     ; 207.30 MHz ( period = 4.824 ns )                    ; LED_Processing_Unit:inst1|count[0]  ; LED_Processing_Unit:inst1|count[19] ; clk        ; clk      ; None                        ; None                      ; 4.563 ns                ;
; N/A                                     ; 207.38 MHz ( period = 4.822 ns )                    ; LED_Processing_Unit:inst1|count[0]  ; LED_Processing_Unit:inst1|count[23] ; clk        ; clk      ; None                        ; None                      ; 4.561 ns                ;
; N/A                                     ; 207.47 MHz ( period = 4.820 ns )                    ; LED_Processing_Unit:inst1|count[0]  ; LED_Processing_Unit:inst1|count[20] ; clk        ; clk      ; None                        ; None                      ; 4.559 ns                ;
; N/A                                     ; 207.60 MHz ( period = 4.817 ns )                    ; LED_Processing_Unit:inst1|count[9]  ; LED_Processing_Unit:inst1|count[24] ; clk        ; clk      ; None                        ; None                      ; 4.556 ns                ;
; N/A                                     ; 208.33 MHz ( period = 4.800 ns )                    ; LED_Processing_Unit:inst1|count[9]  ; LED_Processing_Unit:inst1|count[19] ; clk        ; clk      ; None                        ; None                      ; 4.568 ns                ;
; N/A                                     ; 208.42 MHz ( period = 4.798 ns )                    ; LED_Processing_Unit:inst1|count[9]  ; LED_Processing_Unit:inst1|count[23] ; clk        ; clk      ; None                        ; None                      ; 4.566 ns                ;
; N/A                                     ; 208.51 MHz ( period = 4.796 ns )                    ; LED_Processing_Unit:inst1|count[10] ; LED_Processing_Unit:inst1|count[19] ; clk        ; clk      ; None                        ; None                      ; 4.564 ns                ;
; N/A                                     ; 208.51 MHz ( period = 4.796 ns )                    ; LED_Processing_Unit:inst1|count[9]  ; LED_Processing_Unit:inst1|count[20] ; clk        ; clk      ; None                        ; None                      ; 4.564 ns                ;
; N/A                                     ; 209.73 MHz ( period = 4.768 ns )                    ; LED_Processing_Unit:inst1|count[13] ; LED_Processing_Unit:inst1|count[15] ; clk        ; clk      ; None                        ; None                      ; 4.478 ns                ;
; N/A                                     ; 210.97 MHz ( period = 4.740 ns )                    ; LED_Processing_Unit:inst1|count[11] ; LED_Processing_Unit:inst1|count[24] ; clk        ; clk      ; None                        ; None                      ; 4.450 ns                ;
; N/A                                     ; 211.55 MHz ( period = 4.727 ns )                    ; LED_Processing_Unit:inst1|count[13] ; LED_Processing_Unit:inst1|count[24] ; clk        ; clk      ; None                        ; None                      ; 4.437 ns                ;
; N/A                                     ; 211.77 MHz ( period = 4.722 ns )                    ; LED_Processing_Unit:inst1|count[8]  ; LED_Processing_Unit:inst1|count[15] ; clk        ; clk      ; None                        ; None                      ; 4.432 ns                ;
; N/A                                     ; 211.91 MHz ( period = 4.719 ns )                    ; LED_Processing_Unit:inst1|count[22] ; LED_Processing_Unit:inst1|count[24] ; clk        ; clk      ; None                        ; None                      ; 4.429 ns                ;
; N/A                                     ; 211.95 MHz ( period = 4.718 ns )                    ; LED_Processing_Unit:inst1|count[10] ; LED_Processing_Unit:inst1|count[0]  ; clk        ; clk      ; None                        ; None                      ; 4.486 ns                ;
; N/A                                     ; 212.72 MHz ( period = 4.701 ns )                    ; LED_Processing_Unit:inst1|count[10] ; LED_Processing_Unit:inst1|count[21] ; clk        ; clk      ; None                        ; None                      ; 4.469 ns                ;
; N/A                                     ; 213.31 MHz ( period = 4.688 ns )                    ; LED_Processing_Unit:inst1|count[10] ; LED_Processing_Unit:inst1|count[22] ; clk        ; clk      ; None                        ; None                      ; 4.456 ns                ;
; N/A                                     ; 213.63 MHz ( period = 4.681 ns )                    ; LED_Processing_Unit:inst1|count[8]  ; LED_Processing_Unit:inst1|count[24] ; clk        ; clk      ; None                        ; None                      ; 4.391 ns                ;
; N/A                                     ; 213.68 MHz ( period = 4.680 ns )                    ; LED_Processing_Unit:inst1|count[10] ; LED_Processing_Unit:inst1|count[17] ; clk        ; clk      ; None                        ; None                      ; 4.419 ns                ;
; N/A                                     ; 214.87 MHz ( period = 4.654 ns )                    ; LED_Processing_Unit:inst1|count[17] ; LED_Processing_Unit:inst1|count[10] ; clk        ; clk      ; None                        ; None                      ; 4.393 ns                ;
; N/A                                     ; 214.87 MHz ( period = 4.654 ns )                    ; LED_Processing_Unit:inst1|count[17] ; LED_Processing_Unit:inst1|clk2      ; clk        ; clk      ; None                        ; None                      ; 4.393 ns                ;
; N/A                                     ; 214.96 MHz ( period = 4.652 ns )                    ; LED_Processing_Unit:inst1|count[17] ; LED_Processing_Unit:inst1|count[7]  ; clk        ; clk      ; None                        ; None                      ; 4.391 ns                ;
; N/A                                     ; 214.96 MHz ( period = 4.652 ns )                    ; LED_Processing_Unit:inst1|count[17] ; LED_Processing_Unit:inst1|count[15] ; clk        ; clk      ; None                        ; None                      ; 4.391 ns                ;
; N/A                                     ; 215.01 MHz ( period = 4.651 ns )                    ; LED_Processing_Unit:inst1|count[17] ; LED_Processing_Unit:inst1|count[9]  ; clk        ; clk      ; None                        ; None                      ; 4.390 ns                ;
; N/A                                     ; 215.05 MHz ( period = 4.650 ns )                    ; LED_Processing_Unit:inst1|count[17] ; LED_Processing_Unit:inst1|count[12] ; clk        ; clk      ; None                        ; None                      ; 4.389 ns                ;
; N/A                                     ; 215.29 MHz ( period = 4.645 ns )                    ; LED_Processing_Unit:inst1|count[7]  ; LED_Processing_Unit:inst1|count[21] ; clk        ; clk      ; None                        ; None                      ; 4.413 ns                ;
; N/A                                     ; 215.42 MHz ( period = 4.642 ns )                    ; LED_Processing_Unit:inst1|count[11] ; LED_Processing_Unit:inst1|count[20] ; clk        ; clk      ; None                        ; None                      ; 4.381 ns                ;
; N/A                                     ; 215.75 MHz ( period = 4.635 ns )                    ; LED_Processing_Unit:inst1|count[10] ; LED_Processing_Unit:inst1|count[26] ; clk        ; clk      ; None                        ; None                      ; 4.374 ns                ;
; N/A                                     ; 215.89 MHz ( period = 4.632 ns )                    ; LED_Processing_Unit:inst1|count[11] ; LED_Processing_Unit:inst1|count[23] ; clk        ; clk      ; None                        ; None                      ; 4.371 ns                ;
; N/A                                     ; 215.89 MHz ( period = 4.632 ns )                    ; LED_Processing_Unit:inst1|count[7]  ; LED_Processing_Unit:inst1|count[22] ; clk        ; clk      ; None                        ; None                      ; 4.400 ns                ;
; N/A                                     ; 216.03 MHz ( period = 4.629 ns )                    ; LED_Processing_Unit:inst1|count[13] ; LED_Processing_Unit:inst1|count[20] ; clk        ; clk      ; None                        ; None                      ; 4.368 ns                ;
; N/A                                     ; 216.03 MHz ( period = 4.629 ns )                    ; LED_Processing_Unit:inst1|count[12] ; LED_Processing_Unit:inst1|count[24] ; clk        ; clk      ; None                        ; None                      ; 4.368 ns                ;
; N/A                                     ; 216.26 MHz ( period = 4.624 ns )                    ; LED_Processing_Unit:inst1|count[7]  ; LED_Processing_Unit:inst1|count[17] ; clk        ; clk      ; None                        ; None                      ; 4.363 ns                ;
; N/A                                     ; 216.50 MHz ( period = 4.619 ns )                    ; LED_Processing_Unit:inst1|count[13] ; LED_Processing_Unit:inst1|count[23] ; clk        ; clk      ; None                        ; None                      ; 4.358 ns                ;
; N/A                                     ; 216.73 MHz ( period = 4.614 ns )                    ; LED_Processing_Unit:inst1|count[10] ; LED_Processing_Unit:inst1|count[16] ; clk        ; clk      ; None                        ; None                      ; 4.382 ns                ;
; N/A                                     ; 217.16 MHz ( period = 4.605 ns )                    ; LED_Processing_Unit:inst1|count[14] ; LED_Processing_Unit:inst1|count[0]  ; clk        ; clk      ; None                        ; None                      ; 4.344 ns                ;
; N/A                                     ; 217.68 MHz ( period = 4.594 ns )                    ; LED_Processing_Unit:inst1|count[5]  ; LED_Processing_Unit:inst1|count[0]  ; clk        ; clk      ; None                        ; None                      ; 4.333 ns                ;
; N/A                                     ; 217.82 MHz ( period = 4.591 ns )                    ; LED_Processing_Unit:inst1|count[1]  ; LED_Processing_Unit:inst1|count[10] ; clk        ; clk      ; None                        ; None                      ; 4.301 ns                ;
; N/A                                     ; 217.82 MHz ( period = 4.591 ns )                    ; LED_Processing_Unit:inst1|count[1]  ; LED_Processing_Unit:inst1|clk2      ; clk        ; clk      ; None                        ; None                      ; 4.301 ns                ;
; N/A                                     ; 217.91 MHz ( period = 4.589 ns )                    ; LED_Processing_Unit:inst1|count[1]  ; LED_Processing_Unit:inst1|count[7]  ; clk        ; clk      ; None                        ; None                      ; 4.299 ns                ;
; N/A                                     ; 217.91 MHz ( period = 4.589 ns )                    ; LED_Processing_Unit:inst1|count[1]  ; LED_Processing_Unit:inst1|count[15] ; clk        ; clk      ; None                        ; None                      ; 4.299 ns                ;
; N/A                                     ; 217.96 MHz ( period = 4.588 ns )                    ; LED_Processing_Unit:inst1|count[1]  ; LED_Processing_Unit:inst1|count[9]  ; clk        ; clk      ; None                        ; None                      ; 4.298 ns                ;
; N/A                                     ; 218.01 MHz ( period = 4.587 ns )                    ; LED_Processing_Unit:inst1|count[1]  ; LED_Processing_Unit:inst1|count[12] ; clk        ; clk      ; None                        ; None                      ; 4.297 ns                ;
; N/A                                     ; 218.20 MHz ( period = 4.583 ns )                    ; LED_Processing_Unit:inst1|count[8]  ; LED_Processing_Unit:inst1|count[20] ; clk        ; clk      ; None                        ; None                      ; 4.322 ns                ;
; N/A                                     ; 218.39 MHz ( period = 4.579 ns )                    ; LED_Processing_Unit:inst1|count[7]  ; LED_Processing_Unit:inst1|count[26] ; clk        ; clk      ; None                        ; None                      ; 4.318 ns                ;
; N/A                                     ; 218.53 MHz ( period = 4.576 ns )                    ; LED_Processing_Unit:inst1|count[6]  ; LED_Processing_Unit:inst1|count[21] ; clk        ; clk      ; None                        ; None                      ; 4.344 ns                ;
; N/A                                     ; 218.67 MHz ( period = 4.573 ns )                    ; LED_Processing_Unit:inst1|count[8]  ; LED_Processing_Unit:inst1|count[23] ; clk        ; clk      ; None                        ; None                      ; 4.312 ns                ;
; N/A                                     ; 218.82 MHz ( period = 4.570 ns )                    ; LED_Processing_Unit:inst1|count[11] ; LED_Processing_Unit:inst1|count[19] ; clk        ; clk      ; None                        ; None                      ; 4.309 ns                ;
; N/A                                     ; 219.11 MHz ( period = 4.564 ns )                    ; LED_Processing_Unit:inst1|count[15] ; LED_Processing_Unit:inst1|count[24] ; clk        ; clk      ; None                        ; None                      ; 4.303 ns                ;
; N/A                                     ; 219.15 MHz ( period = 4.563 ns )                    ; LED_Processing_Unit:inst1|count[6]  ; LED_Processing_Unit:inst1|count[22] ; clk        ; clk      ; None                        ; None                      ; 4.331 ns                ;
; N/A                                     ; 219.20 MHz ( period = 4.562 ns )                    ; LED_Processing_Unit:inst1|count[20] ; LED_Processing_Unit:inst1|count[24] ; clk        ; clk      ; None                        ; None                      ; 4.272 ns                ;
; N/A                                     ; 219.39 MHz ( period = 4.558 ns )                    ; LED_Processing_Unit:inst1|count[7]  ; LED_Processing_Unit:inst1|count[16] ; clk        ; clk      ; None                        ; None                      ; 4.326 ns                ;
; N/A                                     ; 219.44 MHz ( period = 4.557 ns )                    ; LED_Processing_Unit:inst1|count[13] ; LED_Processing_Unit:inst1|count[19] ; clk        ; clk      ; None                        ; None                      ; 4.296 ns                ;
; N/A                                     ; 219.54 MHz ( period = 4.555 ns )                    ; LED_Processing_Unit:inst1|count[6]  ; LED_Processing_Unit:inst1|count[17] ; clk        ; clk      ; None                        ; None                      ; 4.294 ns                ;
; N/A                                     ; 219.68 MHz ( period = 4.552 ns )                    ; LED_Processing_Unit:inst1|count[9]  ; LED_Processing_Unit:inst1|count[21] ; clk        ; clk      ; None                        ; None                      ; 4.320 ns                ;
; N/A                                     ; 219.93 MHz ( period = 4.547 ns )                    ; LED_Processing_Unit:inst1|count[14] ; LED_Processing_Unit:inst1|count[19] ; clk        ; clk      ; None                        ; None                      ; 4.286 ns                ;
; N/A                                     ; 220.02 MHz ( period = 4.545 ns )                    ; LED_Processing_Unit:inst1|count[14] ; LED_Processing_Unit:inst1|count[23] ; clk        ; clk      ; None                        ; None                      ; 4.284 ns                ;
; N/A                                     ; 220.12 MHz ( period = 4.543 ns )                    ; LED_Processing_Unit:inst1|count[14] ; LED_Processing_Unit:inst1|count[20] ; clk        ; clk      ; None                        ; None                      ; 4.282 ns                ;
; N/A                                     ; 220.31 MHz ( period = 4.539 ns )                    ; LED_Processing_Unit:inst1|count[9]  ; LED_Processing_Unit:inst1|count[22] ; clk        ; clk      ; None                        ; None                      ; 4.307 ns                ;
; N/A                                     ; 220.46 MHz ( period = 4.536 ns )                    ; LED_Processing_Unit:inst1|count[5]  ; LED_Processing_Unit:inst1|count[19] ; clk        ; clk      ; None                        ; None                      ; 4.275 ns                ;
; N/A                                     ; 220.56 MHz ( period = 4.534 ns )                    ; LED_Processing_Unit:inst1|count[5]  ; LED_Processing_Unit:inst1|count[23] ; clk        ; clk      ; None                        ; None                      ; 4.273 ns                ;
; N/A                                     ; 220.65 MHz ( period = 4.532 ns )                    ; LED_Processing_Unit:inst1|count[5]  ; LED_Processing_Unit:inst1|count[20] ; clk        ; clk      ; None                        ; None                      ; 4.271 ns                ;
; N/A                                     ; 220.70 MHz ( period = 4.531 ns )                    ; LED_Processing_Unit:inst1|count[9]  ; LED_Processing_Unit:inst1|count[17] ; clk        ; clk      ; None                        ; None                      ; 4.270 ns                ;
; N/A                                     ; 220.70 MHz ( period = 4.531 ns )                    ; LED_Processing_Unit:inst1|count[12] ; LED_Processing_Unit:inst1|count[20] ; clk        ; clk      ; None                        ; None                      ; 4.299 ns                ;
; N/A                                     ; 220.70 MHz ( period = 4.531 ns )                    ; LED_Processing_Unit:inst1|count[22] ; LED_Processing_Unit:inst1|count[23] ; clk        ; clk      ; None                        ; None                      ; 4.270 ns                ;
; N/A                                     ; 221.19 MHz ( period = 4.521 ns )                    ; LED_Processing_Unit:inst1|count[12] ; LED_Processing_Unit:inst1|count[23] ; clk        ; clk      ; None                        ; None                      ; 4.289 ns                ;
; N/A                                     ; 221.63 MHz ( period = 4.512 ns )                    ; LED_Processing_Unit:inst1|count[16] ; LED_Processing_Unit:inst1|count[24] ; clk        ; clk      ; None                        ; None                      ; 4.222 ns                ;
; N/A                                     ; 221.68 MHz ( period = 4.511 ns )                    ; LED_Processing_Unit:inst1|count[8]  ; LED_Processing_Unit:inst1|count[19] ; clk        ; clk      ; None                        ; None                      ; 4.250 ns                ;
; N/A                                     ; 221.73 MHz ( period = 4.510 ns )                    ; LED_Processing_Unit:inst1|count[6]  ; LED_Processing_Unit:inst1|count[26] ; clk        ; clk      ; None                        ; None                      ; 4.249 ns                ;
; N/A                                     ; 222.02 MHz ( period = 4.504 ns )                    ; LED_Processing_Unit:inst1|count[1]  ; LED_Processing_Unit:inst1|count[24] ; clk        ; clk      ; None                        ; None                      ; 4.214 ns                ;
; N/A                                     ; 222.42 MHz ( period = 4.496 ns )                    ; LED_Processing_Unit:inst1|count[3]  ; LED_Processing_Unit:inst1|count[0]  ; clk        ; clk      ; None                        ; None                      ; 4.235 ns                ;
; N/A                                     ; 222.57 MHz ( period = 4.493 ns )                    ; LED_Processing_Unit:inst1|count[2]  ; LED_Processing_Unit:inst1|count[24] ; clk        ; clk      ; None                        ; None                      ; 4.203 ns                ;
; N/A                                     ; 222.62 MHz ( period = 4.492 ns )                    ; LED_Processing_Unit:inst1|count[8]  ; LED_Processing_Unit:inst1|count[10] ; clk        ; clk      ; None                        ; None                      ; 4.202 ns                ;
; N/A                                     ; 222.67 MHz ( period = 4.491 ns )                    ; LED_Processing_Unit:inst1|count[26] ; LED_Processing_Unit:inst1|count[0]  ; clk        ; clk      ; None                        ; None                      ; 4.259 ns                ;
; N/A                                     ; 222.77 MHz ( period = 4.489 ns )                    ; LED_Processing_Unit:inst1|count[6]  ; LED_Processing_Unit:inst1|count[16] ; clk        ; clk      ; None                        ; None                      ; 4.257 ns                ;
; N/A                                     ; 222.92 MHz ( period = 4.486 ns )                    ; LED_Processing_Unit:inst1|count[9]  ; LED_Processing_Unit:inst1|count[26] ; clk        ; clk      ; None                        ; None                      ; 4.225 ns                ;
; N/A                                     ; 223.36 MHz ( period = 4.477 ns )                    ; LED_Processing_Unit:inst1|count[19] ; LED_Processing_Unit:inst1|count[24] ; clk        ; clk      ; None                        ; None                      ; 4.187 ns                ;
; N/A                                     ; 223.46 MHz ( period = 4.475 ns )                    ; LED_Processing_Unit:inst1|count[11] ; LED_Processing_Unit:inst1|count[21] ; clk        ; clk      ; None                        ; None                      ; 4.214 ns                ;
; N/A                                     ; 223.86 MHz ( period = 4.467 ns )                    ; LED_Processing_Unit:inst1|count[10] ; LED_Processing_Unit:inst1|count[25] ; clk        ; clk      ; None                        ; None                      ; 4.206 ns                ;
; N/A                                     ; 223.91 MHz ( period = 4.466 ns )                    ; LED_Processing_Unit:inst1|count[15] ; LED_Processing_Unit:inst1|count[20] ; clk        ; clk      ; None                        ; None                      ; 4.234 ns                ;
; N/A                                     ; 223.96 MHz ( period = 4.465 ns )                    ; LED_Processing_Unit:inst1|count[9]  ; LED_Processing_Unit:inst1|count[16] ; clk        ; clk      ; None                        ; None                      ; 4.233 ns                ;
; N/A                                     ; 224.06 MHz ( period = 4.463 ns )                    ; LED_Processing_Unit:inst1|count[10] ; LED_Processing_Unit:inst1|count[28] ; clk        ; clk      ; None                        ; None                      ; 4.202 ns                ;
; N/A                                     ; 224.11 MHz ( period = 4.462 ns )                    ; LED_Processing_Unit:inst1|count[11] ; LED_Processing_Unit:inst1|count[22] ; clk        ; clk      ; None                        ; None                      ; 4.201 ns                ;
; N/A                                     ; 224.11 MHz ( period = 4.462 ns )                    ; LED_Processing_Unit:inst1|count[13] ; LED_Processing_Unit:inst1|count[21] ; clk        ; clk      ; None                        ; None                      ; 4.201 ns                ;
; N/A                                     ; 224.27 MHz ( period = 4.459 ns )                    ; LED_Processing_Unit:inst1|count[12] ; LED_Processing_Unit:inst1|count[19] ; clk        ; clk      ; None                        ; None                      ; 4.227 ns                ;
; N/A                                     ; 224.42 MHz ( period = 4.456 ns )                    ; LED_Processing_Unit:inst1|count[8]  ; LED_Processing_Unit:inst1|count[12] ; clk        ; clk      ; None                        ; None                      ; 4.166 ns                ;
; N/A                                     ; 224.42 MHz ( period = 4.456 ns )                    ; LED_Processing_Unit:inst1|count[15] ; LED_Processing_Unit:inst1|count[23] ; clk        ; clk      ; None                        ; None                      ; 4.224 ns                ;
; N/A                                     ; 224.52 MHz ( period = 4.454 ns )                    ; LED_Processing_Unit:inst1|count[11] ; LED_Processing_Unit:inst1|count[17] ; clk        ; clk      ; None                        ; None                      ; 4.164 ns                ;
; N/A                                     ; 224.67 MHz ( period = 4.451 ns )                    ; LED_Processing_Unit:inst1|count[22] ; LED_Processing_Unit:inst1|count[26] ; clk        ; clk      ; None                        ; None                      ; 4.161 ns                ;
; N/A                                     ; 224.77 MHz ( period = 4.449 ns )                    ; LED_Processing_Unit:inst1|count[7]  ; LED_Processing_Unit:inst1|count[11] ; clk        ; clk      ; None                        ; None                      ; 4.217 ns                ;
; N/A                                     ; 224.77 MHz ( period = 4.449 ns )                    ; LED_Processing_Unit:inst1|count[13] ; LED_Processing_Unit:inst1|count[22] ; clk        ; clk      ; None                        ; None                      ; 4.188 ns                ;
; N/A                                     ; 225.17 MHz ( period = 4.441 ns )                    ; LED_Processing_Unit:inst1|count[13] ; LED_Processing_Unit:inst1|count[17] ; clk        ; clk      ; None                        ; None                      ; 4.151 ns                ;
; N/A                                     ; 225.33 MHz ( period = 4.438 ns )                    ; LED_Processing_Unit:inst1|count[3]  ; LED_Processing_Unit:inst1|count[19] ; clk        ; clk      ; None                        ; None                      ; 4.177 ns                ;
; N/A                                     ; 225.43 MHz ( period = 4.436 ns )                    ; LED_Processing_Unit:inst1|count[12] ; LED_Processing_Unit:inst1|count[0]  ; clk        ; clk      ; None                        ; None                      ; 4.204 ns                ;
; N/A                                     ; 225.43 MHz ( period = 4.436 ns )                    ; LED_Processing_Unit:inst1|count[3]  ; LED_Processing_Unit:inst1|count[23] ; clk        ; clk      ; None                        ; None                      ; 4.175 ns                ;
; N/A                                     ; 225.53 MHz ( period = 4.434 ns )                    ; LED_Processing_Unit:inst1|count[3]  ; LED_Processing_Unit:inst1|count[20] ; clk        ; clk      ; None                        ; None                      ; 4.173 ns                ;
; Timing analysis restricted to 200 rows. ; To change the limit use Settings (Assignments menu) ;                                     ;                                     ;            ;          ;                             ;                           ;                         ;
+-----------------------------------------+-----------------------------------------------------+-------------------------------------+-------------------------------------+------------+----------+-----------------------------+---------------------------+-------------------------+


+---------------------------------------------------------------------------------------------------------+
; tco                                                                                                     ;
+-------+--------------+------------+----------------------------------------+---------------+------------+
; Slack ; Required tco ; Actual tco ; From                                   ; To            ; From Clock ;
+-------+--------------+------------+----------------------------------------+---------------+------------+
; N/A   ; None         ; 15.713 ns  ; LED_Processing_Unit:inst1|LEDOut[4]    ; LED_OUT[2]    ; clk        ;
; N/A   ; None         ; 15.701 ns  ; LED_Processing_Unit:inst1|LEDOut[4]    ; LED_OUT[4]    ; clk        ;
; N/A   ; None         ; 15.592 ns  ; LED_Processing_Unit:inst1|LEDOut[0]    ; LED_OUT[3]    ; clk        ;
; N/A   ; None         ; 15.578 ns  ; LED_Processing_Unit:inst1|LEDOut[2]    ; LED_OUT[3]    ; clk        ;
; N/A   ; None         ; 15.558 ns  ; LED_Processing_Unit:inst1|LEDOut[6]    ; LED_OUT[2]    ; clk        ;
; N/A   ; None         ; 15.546 ns  ; LED_Processing_Unit:inst1|LEDOut[6]    ; LED_OUT[4]    ; clk        ;
; N/A   ; None         ; 15.484 ns  ; LED_Processing_Unit:inst1|LEDOut[3]    ; LED_OUT[3]    ; clk        ;
; N/A   ; None         ; 15.431 ns  ; LED_Processing_Unit:inst1|LEDOut[5]    ; LED_OUT[2]    ; clk        ;
; N/A   ; None         ; 15.424 ns  ; LED_Processing_Unit:inst1|LEDOut[0]    ; LED_OUT[6]    ; clk        ;
; N/A   ; None         ; 15.419 ns  ; LED_Processing_Unit:inst1|LEDOut[5]    ; LED_OUT[4]    ; clk        ;
; N/A   ; None         ; 15.411 ns  ; LED_Processing_Unit:inst1|LEDOut[2]    ; LED_OUT[6]    ; clk        ;
; N/A   ; None         ; 15.356 ns  ; LED_Processing_Unit:inst1|LEDOut[0]    ; LED_OUT[2]    ; clk        ;
; N/A   ; None         ; 15.354 ns  ; LED_Processing_Unit:inst1|LEDOut[0]    ; LED_OUT[4]    ; clk        ;
; N/A   ; None         ; 15.348 ns  ; LED_Processing_Unit:inst1|LEDOut[2]    ; LED_OUT[2]    ; clk        ;
; N/A   ; None         ; 15.341 ns  ; LED_Processing_Unit:inst1|LEDOut[2]    ; LED_OUT[4]    ; clk        ;
; N/A   ; None         ; 15.316 ns  ; LED_Processing_Unit:inst1|LEDOut[3]    ; LED_OUT[6]    ; clk        ;
; N/A   ; None         ; 15.314 ns  ; LED_Processing_Unit:inst1|LEDOut[4]    ; LED_OUT[6]    ; clk        ;
; N/A   ; None         ; 15.305 ns  ; LED_Processing_Unit:inst1|LEDOut[4]    ; LED_OUT[3]    ; clk        ;
; N/A   ; None         ; 15.286 ns  ; LED_Processing_Unit:inst1|LEDOut[4]    ; LED_OUT[1]    ; clk        ;
; N/A   ; None         ; 15.279 ns  ; LED_Processing_Unit:inst1|LEDOut[1]    ; LED_OUT[3]    ; clk        ;
; N/A   ; None         ; 15.248 ns  ; LED_Processing_Unit:inst1|LEDOut[3]    ; LED_OUT[2]    ; clk        ;
; N/A   ; None         ; 15.246 ns  ; LED_Processing_Unit:inst1|LEDOut[3]    ; LED_OUT[4]    ; clk        ;
; N/A   ; None         ; 15.234 ns  ; LED_Processing_Unit:inst1|LEDOut[7]    ; LED_OUT[2]    ; clk        ;
; N/A   ; None         ; 15.222 ns  ; LED_Processing_Unit:inst1|LEDOut[7]    ; LED_OUT[4]    ; clk        ;
; N/A   ; None         ; 15.159 ns  ; LED_Processing_Unit:inst1|LEDOut[6]    ; LED_OUT[6]    ; clk        ;
; N/A   ; None         ; 15.150 ns  ; LED_Processing_Unit:inst1|LEDOut[6]    ; LED_OUT[3]    ; clk        ;
; N/A   ; None         ; 15.131 ns  ; LED_Processing_Unit:inst1|LEDOut[6]    ; LED_OUT[1]    ; clk        ;
; N/A   ; None         ; 15.115 ns  ; LED_Processing_Unit:inst1|LEDOut[1]    ; LED_OUT[6]    ; clk        ;
; N/A   ; None         ; 15.060 ns  ; LED_Processing_Unit:inst1|LEDOut[1]    ; LED_OUT[2]    ; clk        ;
; N/A   ; None         ; 15.049 ns  ; LED_Processing_Unit:inst1|LEDOut[1]    ; LED_OUT[4]    ; clk        ;
; N/A   ; None         ; 15.032 ns  ; LED_Processing_Unit:inst1|LEDOut[5]    ; LED_OUT[6]    ; clk        ;
; N/A   ; None         ; 15.023 ns  ; LED_Processing_Unit:inst1|LEDOut[5]    ; LED_OUT[3]    ; clk        ;
; N/A   ; None         ; 15.004 ns  ; LED_Processing_Unit:inst1|LEDOut[5]    ; LED_OUT[1]    ; clk        ;
; N/A   ; None         ; 14.979 ns  ; LED_Processing_Unit:inst1|LEDOut[0]    ; LED_OUT[0]    ; clk        ;
; N/A   ; None         ; 14.970 ns  ; LED_Processing_Unit:inst1|LEDOut[2]    ; LED_OUT[0]    ; clk        ;
; N/A   ; None         ; 14.927 ns  ; LED_Processing_Unit:inst1|LEDOut[0]    ; LED_OUT[1]    ; clk        ;
; N/A   ; None         ; 14.914 ns  ; LED_Processing_Unit:inst1|LEDOut[2]    ; LED_OUT[1]    ; clk        ;
; N/A   ; None         ; 14.857 ns  ; LED_Processing_Unit:inst1|LEDOut[3]    ; LED_OUT[0]    ; clk        ;
; N/A   ; None         ; 14.835 ns  ; LED_Processing_Unit:inst1|LEDOut[7]    ; LED_OUT[6]    ; clk        ;
; N/A   ; None         ; 14.826 ns  ; LED_Processing_Unit:inst1|LEDOut[7]    ; LED_OUT[3]    ; clk        ;
; N/A   ; None         ; 14.823 ns  ; LED_Processing_Unit:inst1|LEDOut[4]    ; LED_OUT[5]    ; clk        ;
; N/A   ; None         ; 14.819 ns  ; LED_Processing_Unit:inst1|LEDOut[3]    ; LED_OUT[1]    ; clk        ;
; N/A   ; None         ; 14.807 ns  ; LED_Processing_Unit:inst1|LEDOut[7]    ; LED_OUT[1]    ; clk        ;
; N/A   ; None         ; 14.734 ns  ; LED_Processing_Unit:inst1|LEDOut[0]    ; LED_OUT[5]    ; clk        ;
; N/A   ; None         ; 14.724 ns  ; LED_Processing_Unit:inst1|LEDOut[2]    ; LED_OUT[5]    ; clk        ;
; N/A   ; None         ; 14.694 ns  ; LED_Processing_Unit:inst1|LEDOut[4]    ; LED_OUT[0]    ; clk        ;
; N/A   ; None         ; 14.682 ns  ; LED_Processing_Unit:inst1|LEDOut[1]    ; LED_OUT[0]    ; clk        ;
; N/A   ; None         ; 14.668 ns  ; LED_Processing_Unit:inst1|LEDOut[6]    ; LED_OUT[5]    ; clk        ;
; N/A   ; None         ; 14.626 ns  ; LED_Processing_Unit:inst1|LEDOut[1]    ; LED_OUT[1]    ; clk        ;
; N/A   ; None         ; 14.611 ns  ; LED_Processing_Unit:inst1|LEDOut[3]    ; LED_OUT[5]    ; clk        ;
; N/A   ; None         ; 14.541 ns  ; LED_Processing_Unit:inst1|LEDOut[5]    ; LED_OUT[5]    ; clk        ;
; N/A   ; None         ; 14.539 ns  ; LED_Processing_Unit:inst1|LEDOut[6]    ; LED_OUT[0]    ; clk        ;
; N/A   ; None         ; 14.436 ns  ; LED_Processing_Unit:inst1|LEDOut[1]    ; LED_OUT[5]    ; clk        ;
; N/A   ; None         ; 14.412 ns  ; LED_Processing_Unit:inst1|LEDOut[5]    ; LED_OUT[0]    ; clk        ;
; N/A   ; None         ; 14.344 ns  ; LED_Processing_Unit:inst1|LEDOut[7]    ; LED_OUT[5]    ; clk        ;
; N/A   ; None         ; 14.215 ns  ; LED_Processing_Unit:inst1|LEDOut[7]    ; LED_OUT[0]    ; clk        ;
; N/A   ; None         ; 12.034 ns  ; LED_Processing_Unit:inst1|LEDSelect[0] ; LED_SELECT[0] ; clk        ;
; N/A   ; None         ; 12.023 ns  ; LED_Processing_Unit:inst1|LEDSelect[3] ; LED_SELECT[3] ; clk        ;
; N/A   ; None         ; 12.019 ns  ; LED_Processing_Unit:inst1|LEDSelect[1] ; LED_SELECT[1] ; clk        ;
; N/A   ; None         ; 12.008 ns  ; LED_Processing_Unit:inst1|LEDSelect[2] ; LED_SELECT[2] ; clk        ;
+-------+--------------+------------+----------------------------------------+---------------+------------+


+--------------------------+
; Timing Analyzer Messages ;
+--------------------------+
Info: *******************************************************************
Info: Running Quartus II Classic Timing Analyzer
    Info: Version 9.1 Build 222 10/21/2009 SJ Full Version
    Info: Processing started: Fri May 05 11:46:31 2017
Info: Command: quartus_tan --read_settings_files=off --write_settings_files=off Digital_clock -c Digital_clock --timing_analysis_only
Info: Parallel compilation is enabled and will use 2 of the 2 processors detected
Warning: Found combinational loop of 1 nodes
    Warning: Node "freq_divider:inst12|clk_freq_div~0"
Warning: Found combinational loop of 97 nodes
    Warning: Node "freq_divider:inst12|Equal0~10"
    Warning: Node "freq_divider:inst12|Equal0~0"
    Warning: Node "freq_divider:inst12|Equal0~1"
    Warning: Node "freq_divider:inst12|Add0~145"
    Warning: Node "freq_divider:inst12|Add0~142COUT1_222"
    Warning: Node "freq_divider:inst12|Add0~142"
    Warning: Node "freq_divider:inst12|Add0~140"
    Warning: Node "freq_divider:inst12|Equal0~8"
    Warning: Node "freq_divider:inst12|Equal0~9"
    Warning: Node "freq_divider:inst12|Add0~137COUT1_220"
    Warning: Node "freq_divider:inst12|Add0~137"
    Warning: Node "freq_divider:inst12|Add0~135"
    Warning: Node "freq_divider:inst12|Add0~132COUT1_218"
    Warning: Node "freq_divider:inst12|Add0~132"
    Warning: Node "freq_divider:inst12|Add0~130"
    Warning: Node "freq_divider:inst12|Add0~127COUT1_216"
    Warning: Node "freq_divider:inst12|Add0~127"
    Warning: Node "freq_divider:inst12|Add0~125"
    Warning: Node "freq_divider:inst12|Add0~122"
    Warning: Node "freq_divider:inst12|Add0~120"
    Warning: Node "freq_divider:inst12|Equal0~7"
    Warning: Node "freq_divider:inst12|Add0~117COUT1_214"
    Warning: Node "freq_divider:inst12|Add0~117"
    Warning: Node "freq_divider:inst12|Add0~115"
    Warning: Node "freq_divider:inst12|Add0~112COUT1_212"
    Warning: Node "freq_divider:inst12|Add0~112"
    Warning: Node "freq_divider:inst12|Add0~110"
    Warning: Node "freq_divider:inst12|Add0~100"
    Warning: Node "freq_divider:inst12|Equal0~6"
    Warning: Node "freq_divider:inst12|Add0~102"
    Warning: Node "freq_divider:inst12|Add0~105"
    Warning: Node "freq_divider:inst12|Add0~107COUT1_208"
    Warning: Node "freq_divider:inst12|Add0~2COUT1_210"
    Warning: Node "freq_divider:inst12|Add0~0"
    Warning: Node "freq_divider:inst12|count[22]~1"
    Warning: Node "freq_divider:inst12|Add0~2"
    Warning: Node "freq_divider:inst12|Add0~107"
    Warning: Node "freq_divider:inst12|Add0~92COUT1_206"
    Warning: Node "freq_divider:inst12|Add0~92"
    Warning: Node "freq_divider:inst12|Add0~90"
    Warning: Node "freq_divider:inst12|Add0~97COUT1_202"
    Warning: Node "freq_divider:inst12|Add0~87COUT1_204"
    Warning: Node "freq_divider:inst12|Add0~85"
    Warning: Node "freq_divider:inst12|Add0~87"
    Warning: Node "freq_divider:inst12|Add0~95"
    Warning: Node "freq_divider:inst12|Add0~97"
    Warning: Node "freq_divider:inst12|Add0~82COUT1_200"
    Warning: Node "freq_divider:inst12|Add0~82"
    Warning: Node "freq_divider:inst12|Add0~80"
    Warning: Node "freq_divider:inst12|Equal0~5"
    Warning: Node "freq_divider:inst12|Add0~77"
    Warning: Node "freq_divider:inst12|Add0~75"
    Warning: Node "freq_divider:inst12|Add0~72COUT1_196"
    Warning: Node "freq_divider:inst12|Add0~67COUT1_198"
    Warning: Node "freq_divider:inst12|Add0~65"
    Warning: Node "freq_divider:inst12|Add0~67"
    Warning: Node "freq_divider:inst12|Add0~70"
    Warning: Node "freq_divider:inst12|Add0~72"
    Warning: Node "freq_divider:inst12|Add0~62COUT1_194"
    Warning: Node "freq_divider:inst12|Add0~62"
    Warning: Node "freq_divider:inst12|Add0~60"
    Warning: Node "freq_divider:inst12|Equal0~4"
    Warning: Node "freq_divider:inst12|Add0~57COUT1_192"
    Warning: Node "freq_divider:inst12|Add0~57"
    Warning: Node "freq_divider:inst12|Add0~55"
    Warning: Node "freq_divider:inst12|Add0~52"
    Warning: Node "freq_divider:inst12|Add0~50"
    Warning: Node "freq_divider:inst12|Equal0~3"
    Warning: Node "freq_divider:inst12|Add0~47COUT1_190"
    Warning: Node "freq_divider:inst12|Add0~47"
    Warning: Node "freq_divider:inst12|Add0~45"
    Warning: Node "freq_divider:inst12|Add0~35"
    Warning: Node "freq_divider:inst12|Equal0~2"
    Warning: Node "freq_divider:inst12|Add0~37"
    Warning: Node "freq_divider:inst12|Add0~40"
    Warning: Node "freq_divider:inst12|Add0~42COUT1_186"
    Warning: Node "freq_divider:inst12|Add0~32COUT1_188"
    Warning: Node "freq_divider:inst12|Add0~30"
    Warning: Node "freq_divider:inst12|Add0~32"
    Warning: Node "freq_divider:inst12|Add0~42"
    Warning: Node "freq_divider:inst12|Add0~25"
    Warning: Node "freq_divider:inst12|Add0~27COUT1_184"
    Warning: Node "freq_divider:inst12|Add0~27"
    Warning: Node "freq_divider:inst12|Add0~17COUT1_182"
    Warning: Node "freq_divider:inst12|Add0~17"
    Warning: Node "freq_divider:inst12|Add0~15"
    Warning: Node "freq_divider:inst12|Add0~12COUT1_180"
    Warning: Node "freq_divider:inst12|Add0~12"
    Warning: Node "freq_divider:inst12|Add0~10"
    Warning: Node "freq_divider:inst12|count[1]~2"
    Warning: Node "freq_divider:inst12|Add0~20"
    Warning: Node "freq_divider:inst12|Add0~22COUT1_176"
    Warning: Node "freq_divider:inst12|Add0~7COUT1_178"
    Warning: Node "freq_divider:inst12|Add0~5"
    Warning: Node "freq_divider:inst12|Add0~7"
    Warning: Node "freq_divider:inst12|Add0~22"
    Warning: Node "freq_divider:inst12|count[0]~4"
Warning: Design contains combinational loop of 97 nodes. Estimating the delays through the loop.
Warning: Found pins functioning as undefined clocks and/or memory enables
    Info: Assuming node "clk" is an undefined clock
Warning: Found 1 node(s) in clock paths which may be acting as ripple and/or gated clocks -- node(s) analyzed as buffer(s) resulting in clock skew
    Info: Detected ripple clock "LED_Processing_Unit:inst1|clk2" as buffer
Info: Clock "clk" has Internal fmax of 174.0 MHz between source register "LED_Processing_Unit:inst1|count[6]" and destination register "LED_Processing_Unit:inst1|count[10]" (period= 5.747 ns)
    Info: + Longest register to register delay is 5.486 ns
        Info: 1: + IC(0.000 ns) + CELL(0.000 ns) = 0.000 ns; Loc. = LC_X10_Y11_N5; Fanout = 4; REG Node = 'LED_Processing_Unit:inst1|count[6]'
        Info: 2: + IC(1.286 ns) + CELL(0.590 ns) = 1.876 ns; Loc. = LC_X9_Y14_N2; Fanout = 1; COMB Node = 'LED_Processing_Unit:inst1|Equal0~1'
        Info: 3: + IC(1.099 ns) + CELL(0.114 ns) = 3.089 ns; Loc. = LC_X10_Y14_N7; Fanout = 1; COMB Node = 'LED_Processing_Unit:inst1|Equal0~4'
        Info: 4: + IC(0.450 ns) + CELL(0.292 ns) = 3.831 ns; Loc. = LC_X10_Y14_N8; Fanout = 10; COMB Node = 'LED_Processing_Unit:inst1|Equal0~9'
        Info: 5: + IC(1.346 ns) + CELL(0.309 ns) = 5.486 ns; Loc. = LC_X9_Y10_N4; Fanout = 4; REG Node = 'LED_Processing_Unit:inst1|count[10]'
        Info: Total cell delay = 1.305 ns ( 23.79 % )
        Info: Total interconnect delay = 4.181 ns ( 76.21 % )
    Info: - Smallest clock skew is 0.000 ns
        Info: + Shortest clock path from clock "clk" to destination register is 2.925 ns
            Info: 1: + IC(0.000 ns) + CELL(1.469 ns) = 1.469 ns; Loc. = PIN_28; Fanout = 32; CLK Node = 'clk'
            Info: 2: + IC(0.745 ns) + CELL(0.711 ns) = 2.925 ns; Loc. = LC_X9_Y10_N4; Fanout = 4; REG Node = 'LED_Processing_Unit:inst1|count[10]'
            Info: Total cell delay = 2.180 ns ( 74.53 % )
            Info: Total interconnect delay = 0.745 ns ( 25.47 % )
        Info: - Longest clock path from clock "clk" to source register is 2.925 ns
            Info: 1: + IC(0.000 ns) + CELL(1.469 ns) = 1.469 ns; Loc. = PIN_28; Fanout = 32; CLK Node = 'clk'
            Info: 2: + IC(0.745 ns) + CELL(0.711 ns) = 2.925 ns; Loc. = LC_X10_Y11_N5; Fanout = 4; REG Node = 'LED_Processing_Unit:inst1|count[6]'
            Info: Total cell delay = 2.180 ns ( 74.53 % )
            Info: Total interconnect delay = 0.745 ns ( 25.47 % )
    Info: + Micro clock to output delay of source is 0.224 ns
    Info: + Micro setup delay of destination is 0.037 ns
Info: tco from clock "clk" to destination pin "LED_OUT[2]" through register "LED_Processing_Unit:inst1|LEDOut[4]" is 15.713 ns
    Info: + Longest clock path from clock "clk" to source register is 7.757 ns
        Info: 1: + IC(0.000 ns) + CELL(1.469 ns) = 1.469 ns; Loc. = PIN_28; Fanout = 32; CLK Node = 'clk'
        Info: 2: + IC(0.745 ns) + CELL(0.935 ns) = 3.149 ns; Loc. = LC_X9_Y10_N9; Fanout = 15; REG Node = 'LED_Processing_Unit:inst1|clk2'
        Info: 3: + IC(3.897 ns) + CELL(0.711 ns) = 7.757 ns; Loc. = LC_X26_Y17_N8; Fanout = 1; REG Node = 'LED_Processing_Unit:inst1|LEDOut[4]'
        Info: Total cell delay = 3.115 ns ( 40.16 % )
        Info: Total interconnect delay = 4.642 ns ( 59.84 % )
    Info: + Micro clock to output delay of source is 0.224 ns
    Info: + Longest register to pin delay is 7.732 ns
        Info: 1: + IC(0.000 ns) + CELL(0.000 ns) = 0.000 ns; Loc. = LC_X26_Y17_N8; Fanout = 1; REG Node = 'LED_Processing_Unit:inst1|LEDOut[4]'
        Info: 2: + IC(1.138 ns) + CELL(0.590 ns) = 1.728 ns; Loc. = LC_X29_Y17_N8; Fanout = 7; COMB Node = 'BinToLED:inst13|LEDData[0]~0'
        Info: 3: + IC(0.745 ns) + CELL(0.114 ns) = 2.587 ns; Loc. = LC_X28_Y17_N2; Fanout = 1; COMB Node = 'BinToLED:inst13|WideOr4~1'
        Info: 4: + IC(3.021 ns) + CELL(2.124 ns) = 7.732 ns; Loc. = PIN_139; Fanout = 0; PIN Node = 'LED_OUT[2]'
        Info: Total cell delay = 2.828 ns ( 36.58 % )
        Info: Total interconnect delay = 4.904 ns ( 63.42 % )
Info: Quartus II Classic Timing Analyzer was successful. 0 errors, 103 warnings
    Info: Peak virtual memory: 195 megabytes
    Info: Processing ended: Fri May 05 11:46:33 2017
    Info: Elapsed time: 00:00:02
    Info: Total CPU time (on all processors): 00:00:02


