--------------------------------------------------------------------------------------
Timing Analyzer Summary
--------------------------------------------------------------------------------------

Type           : Worst-case tsu
Slack          : N/A
Required Time  : None
Actual Time    : 5.171 ns
From           : hr
To             : key_low_hr[7]
From Clock     : --
To Clock       : clk
Failed Paths   : 0

Type           : Worst-case tco
Slack          : N/A
Required Time  : None
Actual Time    : 16.669 ns
From           : LEDOut[3]
To             : out_data[5]
From Clock     : clk
To Clock       : --
Failed Paths   : 0

Type           : Worst-case th
Slack          : N/A
Required Time  : None
Actual Time    : 14.648 ns
From           : rst
To             : hr_high_out[3]
From Clock     : --
To Clock       : clk
Failed Paths   : 0

Type           : Clock Setup: 'clk'
Slack          : N/A
Required Time  : None
Actual Time    : 44.70 MHz ( period = 22.372 ns )
From           : hr_high_out[4]
To             : LEDOut[4]
From Clock     : clk
To Clock       : clk
Failed Paths   : 0

Type           : Clock Hold: 'clk'
Slack          : Not operational: Clock Skew > Data Delay
Required Time  : None
Actual Time    : N/A
From           : hr_low_out[0]
To             : hr_low_out[0]
From Clock     : clk
To Clock       : clk
Failed Paths   : 85

Type           : Total number of failed paths
Slack          : 
Required Time  : 
Actual Time    : 
From           : 
To             : 
From Clock     : 
To Clock       : 
Failed Paths   : 85

--------------------------------------------------------------------------------------

